Component: ARM Compiler 5.06 update 7 (build 960) Tool: armlink [4d3601]

==============================================================================

Section Cross References

    startup_stm32f10x_md.o(RESET) refers to startup_stm32f10x_md.o(STACK) for __initial_sp
    startup_stm32f10x_md.o(RESET) refers to startup_stm32f10x_md.o(.text) for Reset_Handler
    startup_stm32f10x_md.o(RESET) refers to stm32f10x_it.o(i.NMI_Handler) for NMI_Handler
    startup_stm32f10x_md.o(RESET) refers to stm32f10x_it.o(i.HardFault_Handler) for HardFault_Handler
    startup_stm32f10x_md.o(RESET) refers to stm32f10x_it.o(i.MemManage_Handler) for MemManage_Handler
    startup_stm32f10x_md.o(RESET) refers to stm32f10x_it.o(i.BusFault_Handler) for BusFault_Handler
    startup_stm32f10x_md.o(RESET) refers to stm32f10x_it.o(i.UsageFault_Handler) for UsageFault_Handler
    startup_stm32f10x_md.o(RESET) refers to stm32f10x_it.o(i.SVC_Handler) for SVC_Handler
    startup_stm32f10x_md.o(RESET) refers to stm32f10x_it.o(i.DebugMon_Handler) for DebugMon_Handler
    startup_stm32f10x_md.o(RESET) refers to stm32f10x_it.o(i.PendSV_Handler) for PendSV_Handler
    startup_stm32f10x_md.o(RESET) refers to stm32f10x_it.o(i.SysTick_Handler) for SysTick_Handler
    startup_stm32f10x_md.o(RESET) refers to timer.o(i.TIM1_UP_IRQHandler) for TIM1_UP_IRQHandler
    startup_stm32f10x_md.o(RESET) refers to usart.o(i.USART1_IRQHandler) for USART1_IRQHandler
    startup_stm32f10x_md.o(RESET) refers to usart2.o(i.USART2_IRQHandler) for USART2_IRQHandler
    startup_stm32f10x_md.o(RESET) refers to usart3.o(i.USART3_IRQHandler) for USART3_IRQHandler
    startup_stm32f10x_md.o(.text) refers to system_stm32f10x.o(i.SystemInit) for SystemInit
    startup_stm32f10x_md.o(.text) refers to entry.o(.ARM.Collect$$$$00000000) for __main
    system_stm32f10x.o(i.SetSysClock) refers to system_stm32f10x.o(i.SetSysClockTo72) for SetSysClockTo72
    system_stm32f10x.o(i.SystemCoreClockUpdate) refers to system_stm32f10x.o(.data) for .data
    system_stm32f10x.o(i.SystemInit) refers to system_stm32f10x.o(i.SetSysClock) for SetSysClock
    stm32f10x_adc.o(i.ADC_DeInit) refers to stm32f10x_rcc.o(i.RCC_APB2PeriphResetCmd) for RCC_APB2PeriphResetCmd
    stm32f10x_bkp.o(i.BKP_DeInit) refers to stm32f10x_rcc.o(i.RCC_BackupResetCmd) for RCC_BackupResetCmd
    stm32f10x_can.o(i.CAN_DeInit) refers to stm32f10x_rcc.o(i.RCC_APB1PeriphResetCmd) for RCC_APB1PeriphResetCmd
    stm32f10x_can.o(i.CAN_GetITStatus) refers to stm32f10x_can.o(i.CheckITStatus) for CheckITStatus
    stm32f10x_cec.o(i.CEC_DeInit) refers to stm32f10x_rcc.o(i.RCC_APB1PeriphResetCmd) for RCC_APB1PeriphResetCmd
    stm32f10x_dac.o(i.DAC_DeInit) refers to stm32f10x_rcc.o(i.RCC_APB1PeriphResetCmd) for RCC_APB1PeriphResetCmd
    stm32f10x_flash.o(i.FLASH_EnableWriteProtection) refers to stm32f10x_flash.o(i.FLASH_WaitForLastOperation) for FLASH_WaitForLastOperation
    stm32f10x_flash.o(i.FLASH_EraseAllBank1Pages) refers to stm32f10x_flash.o(i.FLASH_WaitForLastBank1Operation) for FLASH_WaitForLastBank1Operation
    stm32f10x_flash.o(i.FLASH_EraseAllPages) refers to stm32f10x_flash.o(i.FLASH_WaitForLastOperation) for FLASH_WaitForLastOperation
    stm32f10x_flash.o(i.FLASH_EraseOptionBytes) refers to stm32f10x_flash.o(i.FLASH_GetReadOutProtectionStatus) for FLASH_GetReadOutProtectionStatus
    stm32f10x_flash.o(i.FLASH_EraseOptionBytes) refers to stm32f10x_flash.o(i.FLASH_WaitForLastOperation) for FLASH_WaitForLastOperation
    stm32f10x_flash.o(i.FLASH_ErasePage) refers to stm32f10x_flash.o(i.FLASH_WaitForLastOperation) for FLASH_WaitForLastOperation
    stm32f10x_flash.o(i.FLASH_ProgramHalfWord) refers to stm32f10x_flash.o(i.FLASH_WaitForLastOperation) for FLASH_WaitForLastOperation
    stm32f10x_flash.o(i.FLASH_ProgramOptionByteData) refers to stm32f10x_flash.o(i.FLASH_WaitForLastOperation) for FLASH_WaitForLastOperation
    stm32f10x_flash.o(i.FLASH_ProgramWord) refers to stm32f10x_flash.o(i.FLASH_WaitForLastOperation) for FLASH_WaitForLastOperation
    stm32f10x_flash.o(i.FLASH_ReadOutProtection) refers to stm32f10x_flash.o(i.FLASH_WaitForLastOperation) for FLASH_WaitForLastOperation
    stm32f10x_flash.o(i.FLASH_UserOptionByteConfig) refers to stm32f10x_flash.o(i.FLASH_WaitForLastOperation) for FLASH_WaitForLastOperation
    stm32f10x_flash.o(i.FLASH_WaitForLastBank1Operation) refers to stm32f10x_flash.o(i.FLASH_GetBank1Status) for FLASH_GetBank1Status
    stm32f10x_flash.o(i.FLASH_WaitForLastOperation) refers to stm32f10x_flash.o(i.FLASH_GetBank1Status) for FLASH_GetBank1Status
    stm32f10x_gpio.o(i.GPIO_AFIODeInit) refers to stm32f10x_rcc.o(i.RCC_APB2PeriphResetCmd) for RCC_APB2PeriphResetCmd
    stm32f10x_gpio.o(i.GPIO_DeInit) refers to stm32f10x_rcc.o(i.RCC_APB2PeriphResetCmd) for RCC_APB2PeriphResetCmd
    stm32f10x_i2c.o(i.I2C_DeInit) refers to stm32f10x_rcc.o(i.RCC_APB1PeriphResetCmd) for RCC_APB1PeriphResetCmd
[...]
    Removing stm32f10x_tim.o(i.TIM_SelectHallSensor), (24 bytes).
    Removing stm32f10x_tim.o(i.TIM_SelectInputTrigger), (12 bytes).
    Removing stm32f10x_tim.o(i.TIM_SelectMasterSlaveMode), (16 bytes).
    Removing stm32f10x_tim.o(i.TIM_SelectOCxM), (76 bytes).
    Removing stm32f10x_tim.o(i.TIM_SelectOnePulseMode), (16 bytes).
    Removing stm32f10x_tim.o(i.TIM_SelectOutputTrigger), (16 bytes).
    Removing stm32f10x_tim.o(i.TIM_SelectSlaveMode), (16 bytes).
    Removing stm32f10x_tim.o(i.TIM_SetAutoreload), (4 bytes).
    Removing stm32f10x_tim.o(i.TIM_SetClockDivision), (16 bytes).
    Removing stm32f10x_tim.o(i.TIM_SetCompare2), (4 bytes).
    Removing stm32f10x_tim.o(i.TIM_SetCompare3), (4 bytes).
    Removing stm32f10x_tim.o(i.TIM_SetCompare4), (6 bytes).
    Removing stm32f10x_tim.o(i.TIM_SetCounter), (4 bytes).
    Removing stm32f10x_tim.o(i.TIM_SetIC1Prescaler), (16 bytes).
    Removing stm32f10x_tim.o(i.TIM_SetIC2Prescaler), (24 bytes).
    Removing stm32f10x_tim.o(i.TIM_SetIC3Prescaler), (16 bytes).
    Removing stm32f10x_tim.o(i.TIM_SetIC4Prescaler), (24 bytes).
    Removing stm32f10x_tim.o(i.TIM_TIxExternalClockConfig), (48 bytes).
    Removing stm32f10x_tim.o(i.TIM_TimeBaseStructInit), (18 bytes).
    Removing stm32f10x_tim.o(i.TIM_UpdateDisableConfig), (24 bytes).
    Removing stm32f10x_tim.o(i.TIM_UpdateRequestConfig), (24 bytes).
    Removing stm32f10x_usart.o(i.USART_ClearFlag), (8 bytes).
    Removing stm32f10x_usart.o(i.USART_ClockInit), (30 bytes).
    Removing stm32f10x_usart.o(i.USART_ClockStructInit), (12 bytes).
    Removing stm32f10x_usart.o(i.USART_DMACmd), (20 bytes).
    Removing stm32f10x_usart.o(i.USART_DeInit), (164 bytes).
    Removing stm32f10x_usart.o(i.USART_HalfDuplexCmd), (24 bytes).
    Removing stm32f10x_usart.o(i.USART_IrDACmd), (24 bytes).
    Removing stm32f10x_usart.o(i.USART_IrDAConfig), (16 bytes).
    Removing stm32f10x_usart.o(i.USART_LINBreakDetectLengthConfig), (16 bytes).
    Removing stm32f10x_usart.o(i.USART_LINCmd), (24 bytes).
    Removing stm32f10x_usart.o(i.USART_OneBitMethodCmd), (24 bytes).
    Removing stm32f10x_usart.o(i.USART_OverSampling8Cmd), (24 bytes).
    Removing stm32f10x_usart.o(i.USART_ReceiverWakeUpCmd), (24 bytes).
    Removing stm32f10x_usart.o(i.USART_SendBreak), (10 bytes).
    Removing stm32f10x_usart.o(i.USART_SetAddress), (16 bytes).
    Removing stm32f10x_usart.o(i.USART_SetGuardTime), (16 bytes).
    Removing stm32f10x_usart.o(i.USART_SetPrescaler), (16 bytes).
    Removing stm32f10x_usart.o(i.USART_SmartCardCmd), (24 bytes).
    Removing stm32f10x_usart.o(i.USART_SmartCardNACKCmd), (24 bytes).
    Removing stm32f10x_usart.o(i.USART_StructInit), (22 bytes).
    Removing stm32f10x_usart.o(i.USART_WakeUpConfig), (16 bytes).
    Removing stm32f10x_wwdg.o(i.WWDG_ClearFlag), (12 bytes).
    Removing stm32f10x_wwdg.o(i.WWDG_DeInit), (24 bytes).
    Removing stm32f10x_wwdg.o(i.WWDG_Enable), (16 bytes).
    Removing stm32f10x_wwdg.o(i.WWDG_EnableIT), (12 bytes).
    Removing stm32f10x_wwdg.o(i.WWDG_GetFlagStatus), (12 bytes).
    Removing stm32f10x_wwdg.o(i.WWDG_SetCounter), (16 bytes).
    Removing stm32f10x_wwdg.o(i.WWDG_SetPrescaler), (20 bytes).
    Removing stm32f10x_wwdg.o(i.WWDG_SetWindowValue), (32 bytes).
    Removing delay.o(i.Delay_s), (24 bytes).
    Removing sys.o(i.NVIC_Configuration), (8 bytes).
    Removing usart2.o(i.usart2_init), (164 bytes).
    Removing timer.o(i.TIM3_Int_Init), (104 bytes).
    Removing timer.o(i.TIM4_Int_Init), (96 bytes).
    Removing oled.o(i.OLED_DisplayOff), (30 bytes).
    Removing oled.o(i.OLED_DisplayOn), (30 bytes).
    Removing oled.o(i.OLED_DrawBMP2), (66 bytes).
    Removing oled.o(i.OLED_FillPicture), (60 bytes).
    Removing oled.o(i.OLED_On), (58 bytes).
    Removing oled.o(i.OLED_ShowCHinese), (92 bytes).
    Removing oled.o(.data), (224 bytes).
    Removing hx711.o(i.KLM), (96 bytes).
    Removing hx711.o(.data), (1 bytes).
    Removing hx711.o(.data), (4 bytes).
    Removing hx711.o(.data), (4 bytes).
    Removing relay.o(i.Buzzer_Turn), (48 bytes).
    Removing relay.o(i.Fan_Turn), (44 bytes).
    Removing relay.o(i.REFRIG_Turn), (44 bytes).
    Removing gizwits_product.o(i.TIMER_IRQ_FUN), (4 bytes).
    Removing gizwits_product.o(i.UART_IRQ_FUN), (16 bytes).
    Removing gizwits_protocol.o(i.gizwitsGetModuleInfo), (76 bytes).
    Removing gizwits_protocol.o(i.gizwitsGetNTP), (72 bytes).
    Removing gizwits_protocol.o(i.gizwitsPassthroughData), (124 bytes).
    Removing common.o(i.char2hex), (88 bytes).
    Removing common.o(i.checkStringIsNotZero), (38 bytes).
    Removing common.o(i.get_yeardays), (20 bytes).
    Removing common.o(i.hex2Str), (60 bytes).
    Removing common.o(i.isleap), (38 bytes).
    Removing common.o(i.returnNtp2Wt), (256 bytes).
    Removing common.o(i.returnWeekDay), (102 bytes).
    Removing common.o(i.str2Hex), (76 bytes).
    Removing common.o(.constdata), (48 bytes).
    Removing datapointtools.o(i.gizAcrossByteJudge), (40 bytes).
    Removing datapointtools.o(i.gizByteOrderExchange), (38 bytes).
    Removing datapointtools.o(i.gizStandardCompressValue), (84 bytes).
    Removing datapointtools.o(i.gizStandardDecompressionValue), (134 bytes).
    Removing datapointtools.o(i.gizVarlenCompressValue), (80 bytes).
    Removing datapointtools.o(i.gizVarlenDecompressionValue), (134 bytes).
    Removing datapointtools.o(i.gizX2YFloat), (28 bytes).
    Removing datapointtools.o(i.gizY2XFloat), (24 bytes).
    Removing ringbuffer.o(i.rbDelete), (24 bytes).
    Removing fadd.o(.text), (176 bytes).
    Removing fmul.o(.text), (100 bytes).
    Removing fdiv.o(.text), (124 bytes).
    Removing ffltui.o(.text), (10 bytes).
    Removing ffixui.o(.text), (40 bytes).
    Removing dadd.o(.text), (334 bytes).
    Removing dmul.o(.text), (228 bytes).
    Removing dfixul.o(.text), (48 bytes).
    Removing cdrcmple.o(.text), (48 bytes).

499 unused section(s) (total 19343 bytes) removed from the image.

==============================================================================

Image Symbol Table

    Local Symbols

    Symbol Name                              Value     Ov Type        Size  Object(Section)

    ../clib/microlib/ctype/toupper.c         0x00000000   Number         0  toupper.o ABSOLUTE
    ../clib/microlib/division.c              0x00000000   Number         0  uidiv.o ABSOLUTE
    ../clib/microlib/division.c              0x00000000   Number         0  uldiv.o ABSOLUTE
    ../clib/microlib/init/entry.s            0x00000000   Number         0  entry7b.o ABSOLUTE
    ../clib/microlib/init/entry.s            0x00000000   Number         0  entry8a.o ABSOLUTE
    ../clib/microlib/init/entry.s            0x00000000   Number         0  entry8b.o ABSOLUTE
    ../clib/microlib/init/entry.s            0x00000000   Number         0  entry9a.o ABSOLUTE
    ../clib/microlib/init/entry.s            0x00000000   Number         0  entry9b.o ABSOLUTE
    ../clib/microlib/init/entry.s            0x00000000   Number         0  entry5.o ABSOLUTE
    ../clib/microlib/init/entry.s            0x00000000   Number         0  entry10a.o ABSOLUTE
    ../clib/microlib/init/entry.s            0x00000000   Number         0  entry2.o ABSOLUTE
    ../clib/microlib/init/entry.s            0x00000000   Number         0  entry10b.o ABSOLUTE
    ../clib/microlib/init/entry.s            0x00000000   Number         0  entry11a.o ABSOLUTE
    ../clib/microlib/init/entry.s            0x00000000   Number         0  entry11b.o ABSOLUTE
    ../clib/microlib/init/entry.s            0x00000000   Number         0  entry12a.o ABSOLUTE
    ../clib/microlib/init/entry.s            0x00000000   Number         0  entry7a.o ABSOLUTE
    ../clib/microlib/init/entry.s            0x00000000   Number         0  entry12b.o ABSOLUTE
    ../clib/microlib/init/entry.s            0x00000000   Number         0  entry.o ABSOLUTE
    ../clib/microlib/longlong.c              0x00000000   Number         0  llushr.o ABSOLUTE
    ../clib/microlib/longlong.c              0x00000000   Number         0  llshl.o ABSOLUTE
    ../clib/microlib/longlong.c              0x00000000   Number         0  llsshr.o ABSOLUTE
    ../clib/microlib/malloc/malloc.c         0x00000000   Number         0  mallocra.o ABSOLUTE
    ../clib/microlib/malloc/malloc.c         0x00000000   Number         0  malloca.o ABSOLUTE
    ../clib/microlib/malloc/malloc.c         0x00000000   Number         0  mallocr.o ABSOLUTE
    ../clib/microlib/malloc/malloc.c         0x00000000   Number         0  malloc.o ABSOLUTE
    ../clib/microlib/malloc/mvars.c          0x00000000   Number         0  mvars.o ABSOLUTE
    ../clib/microlib/printf/printf.c         0x00000000   Number         0  printfb.o ABSOLUTE
    ../clib/microlib/printf/printf.c         0x00000000   Number         0  printfa.o ABSOLUTE
    ../clib/microlib/printf/printf.c         0x00000000   Number         0  printf8.o ABSOLUTE
    ../clib/microlib/printf/printf.c         0x00000000   Number         0  printf7.o ABSOLUTE
    ../clib/microlib/printf/printf.c         0x00000000   Number         0  printf6.o ABSOLUTE
    ../clib/microlib/printf/printf.c         0x00000000   Number         0  printf5.o ABSOLUTE
    ../clib/microlib/printf/printf.c         0x00000000   Number         0  printf4.o ABSOLUTE
    ../clib/microlib/printf/printf.c         0x00000000   Number         0  printf3.o ABSOLUTE
    ../clib/microlib/printf/printf.c         0x00000000   Number         0  printf2.o ABSOLUTE
    ../clib/microlib/printf/printf.c         0x00000000   Number         0  printf1.o ABSOLUTE
    ../clib/microlib/printf/printf.c         0x00000000   Number         0  printf0.o ABSOLUTE
    ../clib/microlib/printf/stubs.s          0x00000000   Number         0  stubs.o ABSOLUTE
    ../clib/microlib/stdio/fputc.c           0x00000000   Number         0  fputc.o ABSOLUTE
    ../clib/microlib/stdio/semi.s            0x00000000   Number         0  semi.o ABSOLUTE
    ../clib/microlib/stdio/streams.c         0x00000000   Number         0  stdout.o ABSOLUTE
    ../clib/microlib/string/memcpy.c         0x00000000   Number         0  memcpya.o ABSOLUTE
    ../clib/microlib/string/memcpy.c         0x00000000   Number         0  memcpyb.o ABSOLUTE
    ../clib/microlib/string/memset.c         0x00000000   Number         0  memseta.o ABSOLUTE
    ../clib/microlib/string/strlen.c         0x00000000   Number         0  strlen.o ABSOLUTE
    ../clib/microlib/stubs.s                 0x00000000   Number         0  iusefp.o ABSOLUTE
    ../clib/microlib/stubs.s                 0x00000000   Number         0  iusesemip.o ABSOLUTE
    ../fplib/microlib/f2d.c                  0x00000000   Number         0  f2d.o ABSOLUTE
    ../fplib/microlib/fpadd.c                0x00000000   Number         0  fadd.o ABSOLUTE
    ../fplib/microlib/fpadd.c                0x00000000   Number         0  dadd.o ABSOLUTE
    ../fplib/microlib/fpdiv.c                0x00000000   Number         0  ddiv.o ABSOLUTE
    ../fplib/microlib/fpdiv.c                0x00000000   Number         0  fdiv.o ABSOLUTE
    ../fplib/microlib/fpepilogue.c           0x00000000   Number         0  fepilogue.o ABSOLUTE
    ../fplib/microlib/fpepilogue.c           0x00000000   Number         0  depilogue.o ABSOLUTE
    ../fplib/microlib/fpfix.c                0x00000000   Number         0  dfixul.o ABSOLUTE
    ../fplib/microlib/fpfix.c                0x00000000   Number         0  dfixi.o ABSOLUTE
    ../fplib/microlib/fpfix.c                0x00000000   Number         0  ffixui.o ABSOLUTE
    ../fplib/microlib/fpflt.c                0x00000000   Number         0  ffltui.o ABSOLUTE
    ../fplib/microlib/fpflt.c                0x00000000   Number         0  fflti.o ABSOLUTE
    ../fplib/microlib/fpmul.c                0x00000000   Number         0  dmul.o ABSOLUTE
    ../fplib/microlib/fpmul.c                0x00000000   Number         0  fmul.o ABSOLUTE
    Gizwits\gizwits_product.c                0x00000000   Number         0  gizwits_product.o ABSOLUTE
    Gizwits\gizwits_protocol.c               0x00000000   Number         0  gizwits_protocol.o ABSOLUTE
    Hardware\DHT11.c                         0x00000000   Number         0  dht11.o ABSOLUTE
    Hardware\Key.c                           0x00000000   Number         0  key.o ABSOLUTE
    Hardware\Motor.c                         0x00000000   Number         0  motor.o ABSOLUTE
    Hardware\OLED.c                          0x00000000   Number         0  oled.o ABSOLUTE
    Hardware\app.c                           0x00000000   Number         0  app.o ABSOLUTE
    Hardware\hx711.c                         0x00000000   Number         0  hx711.o ABSOLUTE
    Hardware\relay.c                         0x00000000   Number         0  relay.o ABSOLUTE
    Library\misc.c                           0x00000000   Number         0  misc.o ABSOLUTE
    Library\stm32f10x_adc.c                  0x00000000   Number         0  stm32f10x_adc.o ABSOLUTE
    Library\stm32f10x_bkp.c                  0x00000000   Number         0  stm32f10x_bkp.o ABSOLUTE
    Library\stm32f10x_can.c                  0x00000000   Number         0  stm32f10x_can.o ABSOLUTE
    Library\stm32f10x_cec.c                  0x00000000   Number         0  stm32f10x_cec.o ABSOLUTE
    Library\stm32f10x_crc.c                  0x00000000   Number         0  stm32f10x_crc.o ABSOLUTE
    Library\stm32f10x_dac.c                  0x00000000   Number         0  stm32f10x_dac.o ABSOLUTE
    Library\stm32f10x_dbgmcu.c               0x00000000   Number         0  stm32f10x_dbgmcu.o ABSOLUTE
    Library\stm32f10x_dma.c                  0x00000000   Number         0  stm32f10x_dma.o ABSOLUTE
    Library\stm32f10x_exti.c                 0x00000000   Number         0  stm32f10x_exti.o ABSOLUTE
    Library\stm32f10x_flash.c                0x00000000   Number         0  stm32f10x_flash.o ABSOLUTE
    Library\stm32f10x_fsmc.c                 0x00000000   Number         0  stm32f10x_fsmc.o ABSOLUTE
    Library\stm32f10x_gpio.c                 0x00000000   Number         0  stm32f10x_gpio.o ABSOLUTE
    Library\stm32f10x_i2c.c                  0x00000000   Number         0  stm32f10x_i2c.o ABSOLUTE
    Library\stm32f10x_iwdg.c                 0x00000000   Number         0  stm32f10x_iwdg.o ABSOLUTE
    Library\stm32f10x_pwr.c                  0x00000000   Number         0  stm32f10x_pwr.o ABSOLUTE
    Library\stm32f10x_rcc.c                  0x00000000   Number         0  stm32f10x_rcc.o ABSOLUTE
    Library\stm32f10x_rtc.c                  0x00000000   Number         0  stm32f10x_rtc.o ABSOLUTE
    Library\stm32f10x_sdio.c                 0x00000000   Number         0  stm32f10x_sdio.o ABSOLUTE
    Library\stm32f10x_spi.c                  0x00000000   Number         0  stm32f10x_spi.o ABSOLUTE
    Library\stm32f10x_tim.c                  0x00000000   Number         0  stm32f10x_tim.o ABSOLUTE
    Library\stm32f10x_usart.c                0x00000000   Number         0  stm32f10x_usart.o ABSOLUTE
    Library\stm32f10x_wwdg.c                 0x00000000   Number         0  stm32f10x_wwdg.o ABSOLUTE
    Start\startup_stm32f10x_md.s             0x00000000   Number         0  startup_stm32f10x_md.o ABSOLUTE
    Start\system_stm32f10x.c                 0x00000000   Number         0  system_stm32f10x.o ABSOLUTE
    System\Delay.c                           0x00000000   Number         0  delay.o ABSOLUTE
    System\Timer.c                           0x00000000   Number         0  timer.o ABSOLUTE
    System\sys.c                             0x00000000   Number         0  sys.o ABSOLUTE
    System\usart.c                           0x00000000   Number         0  usart.o ABSOLUTE
    System\usart2.c                          0x00000000   Number         0  usart2.o ABSOLUTE
    System\usart3.c                          0x00000000   Number         0  usart3.o ABSOLUTE
    User\main.c                              0x00000000   Number         0  main.o ABSOLUTE
    User\stm32f10x_it.c                      0x00000000   Number         0  stm32f10x_it.o ABSOLUTE
    Utils\common.c                           0x00000000   Number         0  common.o ABSOLUTE
    Utils\dataPointTools.c                   0x00000000   Number         0  datapointtools.o ABSOLUTE
    Utils\ringbuffer.c                       0x00000000   Number         0  ringbuffer.o ABSOLUTE
    cdrcmple.s                               0x00000000   Number         0  cdrcmple.o ABSOLUTE
    dc.s                                     0x00000000   Number         0  dc.o ABSOLUTE
    handlers.s                               0x00000000   Number         0  handlers.o ABSOLUTE
    init.s                                   0x00000000   Number         0  init.o ABSOLUTE
    RESET                                    0x08000000   Section      236  startup_stm32f10x_md.o(RESET)
    .ARM.Collect$$$$00000000                 0x080000ec   Section        0  entry.o(.ARM.Collect$$$$00000000)
    .ARM.Collect$$$$00000001                 0x080000ec   Section        4  entry2.o(.ARM.Collect$$$$00000001)
    .ARM.Collect$$$$00000004                 0x080000f0   Section        4  entry5.o(.ARM.Collect$$$$00000004)
    .ARM.Collect$$$$00000008                 0x080000f4   Section        0  entry7b.o(.ARM.Collect$$$$00000008)
    .ARM.Collect$$$$0000000A                 0x080000f4   Section        0  entry8b.o(.ARM.Collect$$$$0000000A)
    .ARM.Collect$$$$0000000B                 0x080000f4   Section        8  entry9a.o(.ARM.Collect$$$$0000000B)
    .ARM.Collect$$$$0000000E                 0x080000fc   Section        4  entry12b.o(.ARM.Collect$$$$0000000E)
    .ARM.Collect$$$$0000000F                 0x08000100   Section        0  entry10a.o(.ARM.Collect$$$$0000000F)
    .ARM.Collect$$$$00000011                 0x08000100   Section        0  entry11a.o(.ARM.Collect$$$$00000011)
    .ARM.Collect$$$$00002712                 0x08000100   Section        4  entry2.o(.ARM.Collect$$$$00002712)
    __lit__00000000                          0x08000100   Data           4  entry2.o(.ARM.Collect$$$$00002712)
    .text                                    0x08000104   Section       36  startup_stm32f10x_md.o(.text)
    .text                                    0x08000128   Section        0  memcpya.o(.text)
    .text                                    0x0800014c   Section        0  memseta.o(.text)
    .text                                    0x08000170   Section        0  ddiv.o(.text)
    .text                                    0x0800024e   Section        0  fflti.o(.text)
    .text                                    0x08000260   Section        0  dfixi.o(.text)
    .text                                    0x0800029e   Section        0  f2d.o(.text)
    .text                                    0x080002c4   Section        0  uidiv.o(.text)
    .text                                    0x080002f0   Section        0  llushr.o(.text)
    .text                                    0x08000310   Section        0  iusefp.o(.text)
    .text                                    0x08000310   Section        0  fepilogue.o(.text)
    .text                                    0x0800037e   Section        0  depilogue.o(.text)
    .text                                    0x08000438   Section       36  init.o(.text)
    .text                                    0x0800045c   Section        0  llshl.o(.text)
    i.BusFault_Handler                       0x0800047a   Section        0  stm32f10x_it.o(i.BusFault_Handler)
    i.Buzzer_OFF                             0x0800047c   Section        0  relay.o(i.Buzzer_OFF)
    i.Buzzer_ON                              0x0800048c   Section        0  relay.o(i.Buzzer_ON)
    i.DHT11_Check                            0x0800049c   Section        0  dht11.o(i.DHT11_Check)
    i.DHT11_IO_IN                            0x080004fc   Section        0  dht11.o(i.DHT11_IO_IN)
    i.DHT11_IO_OUT                           0x0800052c   Section        0  dht11.o(i.DHT11_IO_OUT)
    i.DHT11_Init                             0x08000550   Section        0  dht11.o(i.DHT11_Init)
    i.DHT11_Read_Bit                         0x08000560   Section        0  dht11.o(i.DHT11_Read_Bit)
    i.DHT11_Read_Byte                        0x080005c0   Section        0  dht11.o(i.DHT11_Read_Byte)
    i.DHT11_Read_Data                        0x080005da   Section        0  dht11.o(i.DHT11_Read_Data)
    i.DHT11_Rst                              0x0800062c   Section        0  dht11.o(i.DHT11_Rst)
    i.DebugMon_Handler                       0x0800065c   Section        0  stm32f10x_it.o(i.DebugMon_Handler)
    i.Delay_ms                               0x0800065e   Section        0  delay.o(i.Delay_ms)
    i.Delay_us                               0x08000676   Section        0  delay.o(i.Delay_us)
    i.Fan_OFF                                0x08000698   Section        0  relay.o(i.Fan_OFF)
    i.Fan_ON                                 0x080006a4   Section        0  relay.o(i.Fan_ON)
    i.GPIO_Init                              0x080006b0   Section        0  stm32f10x_gpio.o(i.GPIO_Init)
    i.GPIO_PinRemapConfig                    0x08000758   Section        0  stm32f10x_gpio.o(i.GPIO_PinRemapConfig)
    i.GPIO_ReadInputDataBit                  0x080007b4   Section        0  stm32f10x_gpio.o(i.GPIO_ReadInputDataBit)
    i.GPIO_ResetBits                         0x080007c2   Section        0  stm32f10x_gpio.o(i.GPIO_ResetBits)
    i.GPIO_SetBits                           0x080007c6   Section        0  stm32f10x_gpio.o(i.GPIO_SetBits)
    i.Get_Maopi                              0x080007cc   Section        0  hx711.o(i.Get_Maopi)
    i.Get_Weight                             0x080007dc   Section        0  hx711.o(i.Get_Weight)
    i.HX711_Read                             0x08000810   Section        0  hx711.o(i.HX711_Read)
    i.HardFault_Handler                      0x08000878   Section        0  stm32f10x_it.o(i.HardFault_Handler)
    i.IIC_Start                              0x0800087c   Section        0  oled.o(i.IIC_Start)
    i.IIC_Stop                               0x080008a8   Section        0  oled.o(i.IIC_Stop)
    i.IIC_WaitAck                            0x080008cc   Section        0  oled.o(i.IIC_WaitAck)
    i.IIC_WriteByte                          0x080008e8   Section        0  oled.o(i.IIC_WriteByte)
    i.IIC_WriteCommand                       0x08000934   Section        0  oled.o(i.IIC_WriteCommand)
    i.IIC_WriteData                          0x08000962   Section        0  oled.o(i.IIC_WriteData)
    i.Init_HX711pin                          0x08000990   Section        0  hx711.o(i.Init_HX711pin)
    i.Key_GetNum                             0x080009d8   Section        0  key.o(i.Key_GetNum)
    i.Key_Init                               0x08000a38   Section        0  key.o(i.Key_Init)
    i.LED_Init                               0x08000a70   Section        0  relay.o(i.LED_Init)
    i.LED_ON                                 0x08000ad4   Section        0  relay.o(i.LED_ON)
    i.MemManage_Handler                      0x08000ae4   Section        0  stm32f10x_it.o(i.MemManage_Handler)
    i.Motor_Init                             0x08000ae8   Section        0  motor.o(i.Motor_Init)
    i.Motor_SetSpeed                         0x08000b8c   Section        0  motor.o(i.Motor_SetSpeed)
    i.NMI_Handler                            0x08000bd8   Section        0  stm32f10x_it.o(i.NMI_Handler)
    i.NVIC_Init                              0x08000bdc   Section        0  misc.o(i.NVIC_Init)
    i.NVIC_PriorityGroupConfig               0x08000c40   Section        0  misc.o(i.NVIC_PriorityGroupConfig)
    i.OLED_Clear                             0x08000c54   Section        0  oled.o(i.OLED_Clear)
    i.OLED_Init                              0x08000c90   Section        0  oled.o(i.OLED_Init)
    i.OLED_SetPos                            0x08000dcc   Section        0  oled.o(i.OLED_SetPos)
    i.OLED_ShowChar                          0x08000df4   Section        0  oled.o(i.OLED_ShowChar)
    i.OLED_ShowNum                           0x08000e84   Section        0  oled.o(i.OLED_ShowNum)
    i.OLED_ShowString                        0x08000ef4   Section        0  oled.o(i.OLED_ShowString)
    i.OLED_WR_Byte                           0x08000f2a   Section        0  oled.o(i.OLED_WR_Byte)
    i.Parameter_collection                   0x08000f3c   Section        0  app.o(i.Parameter_collection)
    i.PendSV_Handler                         0x08000f54   Section        0  stm32f10x_it.o(i.PendSV_Handler)
    i.RCC_APB1PeriphClockCmd                 0x08000f58   Section        0  stm32f10x_rcc.o(i.RCC_APB1PeriphClockCmd)
    i.RCC_APB2PeriphClockCmd                 0x08000f74   Section        0  stm32f10x_rcc.o(i.RCC_APB2PeriphClockCmd)
    i.RCC_GetClocksFreq                      0x08000f90   Section        0  stm32f10x_rcc.o(i.RCC_GetClocksFreq)
    i.REFRIG_OFF                             0x0800103c   Section        0  relay.o(i.REFRIG_OFF)
    i.REFRIG_ON                              0x08001048   Section        0  relay.o(i.REFRIG_ON)
    i.SVC_Handler                            0x08001054   Section        0  stm32f10x_it.o(i.SVC_Handler)
    i.SetSysClock                            0x08001056   Section        0  system_stm32f10x.o(i.SetSysClock)
    SetSysClock                              0x08001057   Thumb Code     4  system_stm32f10x.o(i.SetSysClock)
    i.SetSysClockTo72                        0x0800105c   Section        0  system_stm32f10x.o(i.SetSysClockTo72)
    SetSysClockTo72                          0x0800105d   Thumb Code   166  system_stm32f10x.o(i.SetSysClockTo72)
    i.SysTick_Handler                        0x0800110c   Section        0  stm32f10x_it.o(i.SysTick_Handler)
    i.SystemInit                             0x08001110   Section        0  system_stm32f10x.o(i.SystemInit)
    i.TIM1_Int_Init                          0x08001160   Section        0  timer.o(i.TIM1_Int_Init)
    i.TIM1_UP_IRQHandler                     0x080011c0   Section        0  timer.o(i.TIM1_UP_IRQHandler)
    i.TIM_ClearITPendingBit                  0x080011e8   Section        0  stm32f10x_tim.o(i.TIM_ClearITPendingBit)
    i.TIM_Cmd                                0x080011ee   Section        0  stm32f10x_tim.o(i.TIM_Cmd)
    i.TIM_GetITStatus                        0x08001206   Section        0  stm32f10x_tim.o(i.TIM_GetITStatus)
    i.TIM_ITConfig                           0x0800121e   Section        0  stm32f10x_tim.o(i.TIM_ITConfig)
    i.TIM_InternalClockConfig                0x08001232   Section        0  stm32f10x_tim.o(i.TIM_InternalClockConfig)
    i.TIM_OC1Init                            0x0800123c   Section        0  stm32f10x_tim.o(i.TIM_OC1Init)
    i.TIM_OCStructInit                       0x080012c4   Section        0  stm32f10x_tim.o(i.TIM_OCStructInit)
    i.TIM_SetCompare1                        0x080012d8   Section        0  stm32f10x_tim.o(i.TIM_SetCompare1)
    i.TIM_TimeBaseInit                       0x080012dc   Section        0  stm32f10x_tim.o(i.TIM_TimeBaseInit)
    i.USART1_IRQHandler                      0x08001378   Section        0  usart.o(i.USART1_IRQHandler)
    i.USART2_IRQHandler                      0x080013c4   Section        0  usart2.o(i.USART2_IRQHandler)
    i.USART3_IRQHandler                      0x080013e8   Section        0  usart3.o(i.USART3_IRQHandler)
    i.USART_ClearITPendingBit                0x08001410   Section        0  stm32f10x_usart.o(i.USART_ClearITPendingBit)
    i.USART_Cmd                              0x08001420   Section        0  stm32f10x_usart.o(i.USART_Cmd)
    i.USART_GetFlagStatus                    0x08001438   Section        0  stm32f10x_usart.o(i.USART_GetFlagStatus)
    i.USART_GetITStatus                      0x08001446   Section        0  stm32f10x_usart.o(i.USART_GetITStatus)
    i.USART_ITConfig                         0x08001486   Section        0  stm32f10x_usart.o(i.USART_ITConfig)
    i.USART_Init                             0x080014bc   Section        0  stm32f10x_usart.o(i.USART_Init)
    i.USART_ReceiveData                      0x08001578   Section        0  stm32f10x_usart.o(i.USART_ReceiveData)
    i.USART_SendData                         0x08001580   Section        0  stm32f10x_usart.o(i.USART_SendData)
    i.UsageFault_Handler                     0x08001588   Section        0  stm32f10x_it.o(i.UsageFault_Handler)
    i.__0sprintf$1                           0x0800158c   Section        0  printf1.o(i.__0sprintf$1)
    i.__scatterload_copy                     0x080015b4   Section       14  handlers.o(i.__scatterload_copy)
    i.__scatterload_null                     0x080015c2   Section        2  handlers.o(i.__scatterload_null)
    i.__scatterload_zeroinit                 0x080015c4   Section       14  handlers.o(i.__scatterload_zeroinit)
    i._printf_core                           0x080015d4   Section        0  printf1.o(i._printf_core)
    _printf_core                             0x080015d5   Thumb Code   336  printf1.o(i._printf_core)
    i._sputc                                 0x08001728   Section        0  printf1.o(i._sputc)
    _sputc                                   0x08001729   Thumb Code    10  printf1.o(i._sputc)
    i.app_init                               0x08001732   Section        0  app.o(i.app_init)
    i.app_run                                0x08001794   Section        0  app.o(i.app_run)
    i.calculateDynamicBitPartLen             0x080017d8   Section        0  gizwits_protocol.o(i.calculateDynamicBitPartLen)
    i.exchangeBytes                          0x080017dc   Section        0  common.o(i.exchangeBytes)
    i.exchangeWord                           0x080017fa   Section        0  common.o(i.exchangeWord)
    i.free                                   0x08001814   Section        0  malloc.o(i.free)
    i.gizCheckReport                         0x08001864   Section        0  gizwits_protocol.o(i.gizCheckReport)
    gizCheckReport                           0x08001865   Thumb Code   226  gizwits_protocol.o(i.gizCheckReport)
    i.gizDataPoint2Event                     0x08001950   Section        0  gizwits_protocol.o(i.gizDataPoint2Event)
    gizDataPoint2Event                       0x08001951   Thumb Code   152  gizwits_protocol.o(i.gizDataPoint2Event)
    i.gizDataPoints2ReportData               0x080019e8   Section        0  gizwits_protocol.o(i.gizDataPoints2ReportData)
    gizDataPoints2ReportData                 0x080019e9   Thumb Code   260  gizwits_protocol.o(i.gizDataPoints2ReportData)
    i.gizDevReportPolicy                     0x08001af0   Section        0  gizwits_protocol.o(i.gizDevReportPolicy)
    gizDevReportPolicy                       0x08001af1   Thumb Code   158  gizwits_protocol.o(i.gizDevReportPolicy)
    i.gizGetTimerCount                       0x08001ba0   Section        0  gizwits_product.o(i.gizGetTimerCount)
    i.gizProtocolAckHandle                   0x08001bac   Section        0  gizwits_protocol.o(i.gizProtocolAckHandle)
    gizProtocolAckHandle                     0x08001bad   Thumb Code    66  gizwits_protocol.o(i.gizProtocolAckHandle)
    i.gizProtocolCommonAck                   0x08001bf4   Section        0  gizwits_protocol.o(i.gizProtocolCommonAck)
    gizProtocolCommonAck                     0x08001bf5   Thumb Code    62  gizwits_protocol.o(i.gizProtocolCommonAck)
    i.gizProtocolErrorCmd                    0x08001c32   Section        0  gizwits_protocol.o(i.gizProtocolErrorCmd)
    gizProtocolErrorCmd                      0x08001c33   Thumb Code    70  gizwits_protocol.o(i.gizProtocolErrorCmd)
    i.gizProtocolGetDeviceInfo               0x08001c78   Section        0  gizwits_protocol.o(i.gizProtocolGetDeviceInfo)
    gizProtocolGetDeviceInfo                 0x08001c79   Thumb Code   154  gizwits_protocol.o(i.gizProtocolGetDeviceInfo)
    i.gizProtocolGetOnePacket                0x08001d8c   Section        0  gizwits_protocol.o(i.gizProtocolGetOnePacket)
    gizProtocolGetOnePacket                  0x08001d8d   Thumb Code   302  gizwits_protocol.o(i.gizProtocolGetOnePacket)
    i.gizProtocolHeadInit                    0x08001ec0   Section        0  gizwits_protocol.o(i.gizProtocolHeadInit)
    gizProtocolHeadInit                      0x08001ec1   Thumb Code    26  gizwits_protocol.o(i.gizProtocolHeadInit)
    i.gizProtocolIssuedDataAck               0x08001eda   Section        0  gizwits_protocol.o(i.gizProtocolIssuedDataAck)
    gizProtocolIssuedDataAck                 0x08001edb   Thumb Code   176  gizwits_protocol.o(i.gizProtocolIssuedDataAck)
    i.gizProtocolIssuedProcess               0x08001f8c   Section        0  gizwits_protocol.o(i.gizProtocolIssuedProcess)
    gizProtocolIssuedProcess                 0x08001f8d   Thumb Code   198  gizwits_protocol.o(i.gizProtocolIssuedProcess)
    i.gizProtocolModuleInfoHandle            0x08002058   Section        0  gizwits_protocol.o(i.gizProtocolModuleInfoHandle)
    gizProtocolModuleInfoHandle              0x08002059   Thumb Code    54  gizwits_protocol.o(i.gizProtocolModuleInfoHandle)
    i.gizProtocolModuleStatus                0x08002094   Section        0  gizwits_protocol.o(i.gizProtocolModuleStatus)
    gizProtocolModuleStatus                  0x08002095   Thumb Code   472  gizwits_protocol.o(i.gizProtocolModuleStatus)
    i.gizProtocolNTP                         0x08002274   Section        0  gizwits_protocol.o(i.gizProtocolNTP)
    gizProtocolNTP                           0x08002275   Thumb Code    82  gizwits_protocol.o(i.gizProtocolNTP)
    i.gizProtocolReboot                      0x080022cc   Section        0  gizwits_protocol.o(i.gizProtocolReboot)
    gizProtocolReboot                        0x080022cd   Thumb Code    30  gizwits_protocol.o(i.gizProtocolReboot)
    i.gizProtocolResendData                  0x080022ec   Section        0  gizwits_protocol.o(i.gizProtocolResendData)
    gizProtocolResendData                    0x080022ed   Thumb Code    34  gizwits_protocol.o(i.gizProtocolResendData)
    i.gizProtocolSum                         0x08002314   Section        0  common.o(i.gizProtocolSum)
    i.gizProtocolWaitAck                     0x08002338   Section        0  gizwits_protocol.o(i.gizProtocolWaitAck)
    gizProtocolWaitAck                       0x08002339   Thumb Code    58  gizwits_protocol.o(i.gizProtocolWaitAck)
    i.gizProtocolWaitAckCheck                0x08002378   Section        0  gizwits_protocol.o(i.gizProtocolWaitAckCheck)
    gizProtocolWaitAckCheck                  0x08002379   Thumb Code    38  gizwits_protocol.o(i.gizProtocolWaitAckCheck)
    i.gizPutData                             0x080023a4   Section        0  gizwits_protocol.o(i.gizPutData)
    i.gizReportData                          0x080023cc   Section        0  gizwits_protocol.o(i.gizReportData)
    gizReportData                            0x080023cd   Thumb Code   128  gizwits_protocol.o(i.gizReportData)
    i.gizTimerMs                             0x08002450   Section        0  gizwits_product.o(i.gizTimerMs)
    i.gizX2Y                                 0x08002460   Section        0  datapointtools.o(i.gizX2Y)
    i.gizY2X                                 0x08002466   Section        0  datapointtools.o(i.gizY2X)
    i.gizwitsEventProcess                    0x08002470   Section        0  gizwits_product.o(i.gizwitsEventProcess)
    i.gizwitsHandle                          0x080024d4   Section        0  gizwits_protocol.o(i.gizwitsHandle)
    i.gizwitsInit                            0x08002678   Section        0  gizwits_protocol.o(i.gizwitsInit)
    i.gizwitsSetMode                         0x080026a0   Section        0  gizwits_protocol.o(i.gizwitsSetMode)
    i.key_deal                               0x08002854   Section        0  app.o(i.key_deal)
    i.main                                   0x080028a8   Section        0  main.o(i.main)
    i.mcuRestart                             0x080028b4   Section        0  gizwits_product.o(i.mcuRestart)
    i.oled_pow                               0x080028d8   Section        0  oled.o(i.oled_pow)
    i.oled_show                              0x080028e8   Section        0  app.o(i.oled_show)
    i.rbCanRead                              0x080029d0   Section        0  ringbuffer.o(i.rbCanRead)
    i.rbCanWrite                             0x08002a04   Section        0  ringbuffer.o(i.rbCanWrite)
    i.rbCapacity                             0x08002a24   Section        0  ringbuffer.o(i.rbCapacity)
    i.rbCreate                               0x08002a32   Section        0  ringbuffer.o(i.rbCreate)
    i.rbRead                                 0x08002a46   Section        0  ringbuffer.o(i.rbRead)
    i.rbWrite                                0x08002ad8   Section        0  ringbuffer.o(i.rbWrite)
    i.relay_control                          0x08002b70   Section        0  app.o(i.relay_control)
    i.uartWrite                              0x08002bbc   Section        0  gizwits_product.o(i.uartWrite)
    i.usart1_init                            0x08002c18   Section        0  usart.o(i.usart1_init)
    i.usart3_init                            0x08002cc8   Section        0  usart3.o(i.usart3_init)
    i.userHandle                             0x08002d70   Section        0  gizwits_product.o(i.userHandle)
    i.userInit                               0x08002da0   Section        0  gizwits_product.o(i.userInit)
    .constdata                               0x08002dbc   Section     2200  oled.o(.constdata)
    .data                                    0x20000000   Section       20  stm32f10x_rcc.o(.data)
    ADCPrescTable                            0x20000000   Data           4  stm32f10x_rcc.o(.data)
    APBAHBPrescTable                         0x20000004   Data          16  stm32f10x_rcc.o(.data)
    .data                                    0x20000014   Section        7  usart.o(.data)
    index                                    0x20000014   Data           1  usart.o(.data)
    .data                                    0x2000001b   Section        1  timer.o(.data)
    .data                                    0x2000001c   Section       16  app.o(.data)
    .data                                    0x2000002c   Section       40  hx711.o(.data)
    .data                                    0x20000054   Section        4  gizwits_product.o(.data)
    timerMsCount                             0x20000054   Data           4  gizwits_product.o(.data)
    .data                                    0x20000058   Section       16  gizwits_protocol.o(.data)
    protocolFlag                             0x20000058   Data           1  gizwits_protocol.o(.data)
    lastData                                 0x20000059   Data           1  gizwits_protocol.o(.data)
    debugCount                               0x2000005a   Data           1  gizwits_protocol.o(.data)
    protocolCount                            0x2000005c   Data           2  gizwits_protocol.o(.data)
    lastStatus                               0x2000005e   Data           2  gizwits_protocol.o(.data)
    lastReportTime                           0x20000060   Data           4  gizwits_protocol.o(.data)
    lastRepTime                              0x20000064   Data           4  gizwits_protocol.o(.data)
    .data                                    0x20000068   Section        4  mvars.o(.data)
    .bss                                     0x2000006c   Section       24  gizwits_product.o(.bss)
    .bss                                     0x20000084   Section      568  gizwits_protocol.o(.bss)
    rbBuf                                    0x20000244   Data         120  gizwits_protocol.o(.bss)
    STACK                                    0x200002c0   Section     1024  startup_stm32f10x_md.o(STACK)

    Global Symbols

    Symbol Name                              Value     Ov Type        Size  Object(Section)

    BuildAttributes$$THM_ISAv4$P$D$K$B$S$PE$A:L22UL41UL21$X:L11$S22US41US21$IEEE1$IW$USESV6$~STKCKD$USESV7$~SHL$OTIME$ROPI$EBA8$MICROLIB$REQ8$PRES8$EABIv2 0x00000000   Number         0  anon$$obj.o ABSOLUTE
    __ARM_use_no_argv                        0x00000000   Number         0  main.o ABSOLUTE
    _printf_a                                0x00000000   Number         0  stubs.o ABSOLUTE
    _printf_c                                0x00000000   Number         0  stubs.o ABSOLUTE
    _printf_charcount                        0x00000000   Number         0  stubs.o ABSOLUTE
    _printf_d                                0x00000000   Number         0  stubs.o ABSOLUTE
    _printf_e                                0x00000000   Number         0  stubs.o ABSOLUTE
    _printf_f                                0x00000000   Number         0  stubs.o ABSOLUTE
    _printf_flags                            0x00000000   Number         0  stubs.o ABSOLUTE
    _printf_fp_dec                           0x00000000   Number         0  stubs.o ABSOLUTE
    _printf_fp_hex                           0x00000000   Number         0  stubs.o ABSOLUTE
    _printf_g                                0x00000000   Number         0  stubs.o ABSOLUTE
    _printf_i                                0x00000000   Number         0  stubs.o ABSOLUTE
    _printf_int_dec                          0x00000000   Number         0  stubs.o ABSOLUTE
    _printf_l                                0x00000000   Number         0  stubs.o ABSOLUTE
    _printf_lc                               0x00000000   Number         0  stubs.o ABSOLUTE
    _printf_ll                               0x00000000   Number         0  stubs.o ABSOLUTE
    _printf_lld                              0x00000000   Number         0  stubs.o ABSOLUTE
    _printf_lli                              0x00000000   Number         0  stubs.o ABSOLUTE
    _printf_llo                              0x00000000   Number         0  stubs.o ABSOLUTE
    _printf_llu                              0x00000000   Number         0  stubs.o ABSOLUTE
    _printf_llx                              0x00000000   Number         0  stubs.o ABSOLUTE
    _printf_longlong_dec                     0x00000000   Number         0  stubs.o ABSOLUTE
    _printf_longlong_hex                     0x00000000   Number         0  stubs.o ABSOLUTE
    _printf_longlong_oct                     0x00000000   Number         0  stubs.o ABSOLUTE
    _printf_ls                               0x00000000   Number         0  stubs.o ABSOLUTE
    _printf_mbtowc                           0x00000000   Number         0  stubs.o ABSOLUTE
    _printf_n                                0x00000000   Number         0  stubs.o ABSOLUTE
    _printf_o                                0x00000000   Number         0  stubs.o ABSOLUTE
    _printf_p                                0x00000000   Number         0  stubs.o ABSOLUTE
    _printf_percent                          0x00000000   Number         0  stubs.o ABSOLUTE
    _printf_pre_padding                      0x00000000   Number         0  stubs.o ABSOLUTE
    _printf_return_value                     0x00000000   Number         0  stubs.o ABSOLUTE
    _printf_s                                0x00000000   Number         0  stubs.o ABSOLUTE
    _printf_sizespec                         0x00000000   Number         0  stubs.o ABSOLUTE
    _printf_str                              0x00000000   Number         0  stubs.o ABSOLUTE
    _printf_truncate_signed                  0x00000000   Number         0  stubs.o ABSOLUTE
    _printf_truncate_unsigned                0x00000000   Number         0  stubs.o ABSOLUTE
    _printf_u                                0x00000000   Number         0  stubs.o ABSOLUTE
    _printf_wc                               0x00000000   Number         0  stubs.o ABSOLUTE
    _printf_wctomb                           0x00000000   Number         0  stubs.o ABSOLUTE
    _printf_widthprec                        0x00000000   Number         0  stubs.o ABSOLUTE
    _printf_x                                0x00000000   Number         0  stubs.o ABSOLUTE
    __arm_fini_                               - Undefined Weak Reference
    __cpp_initialize__aeabi_                  - Undefined Weak Reference
    __cxa_finalize                            - Undefined Weak Reference
    __decompress                              - Undefined Weak Reference
    _clock_init                               - Undefined Weak Reference
    _microlib_exit                            - Undefined Weak Reference
    __Vectors_Size                           0x000000ec   Number         0  startup_stm32f10x_md.o ABSOLUTE
    __Vectors                                0x08000000   Data           4  startup_stm32f10x_md.o(RESET)
    __Vectors_End                            0x080000ec   Data           0  startup_stm32f10x_md.o(RESET)
    __main                                   0x080000ed   Thumb Code     0  entry.o(.ARM.Collect$$$$00000000)
    _main_stk                                0x080000ed   Thumb Code     0  entry2.o(.ARM.Collect$$$$00000001)
    _main_scatterload                        0x080000f1   Thumb Code     0  entry5.o(.ARM.Collect$$$$00000004)
    __main_after_scatterload                 0x080000f5   Thumb Code     0  entry5.o(.ARM.Collect$$$$00000004)
    _main_clock                              0x080000f5   Thumb Code     0  entry7b.o(.ARM.Collect$$$$00000008)
    _main_cpp_init                           0x080000f5   Thumb Code     0  entry8b.o(.ARM.Collect$$$$0000000A)
    _main_init                               0x080000f5   Thumb Code     0  entry9a.o(.ARM.Collect$$$$0000000B)
    __rt_lib_shutdown_fini                   0x080000fd   Thumb Code     0  entry12b.o(.ARM.Collect$$$$0000000E)
    __rt_final_cpp                           0x08000101   Thumb Code     0  entry10a.o(.ARM.Collect$$$$0000000F)
    __rt_final_exit                          0x08000101   Thumb Code     0  entry11a.o(.ARM.Collect$$$$00000011)
    Reset_Handler                            0x08000105   Thumb Code     8  startup_stm32f10x_md.o(.text)
    ADC1_2_IRQHandler                        0x0800011f   Thumb Code     0  startup_stm32f10x_md.o(.text)
    CAN1_RX1_IRQHandler                      0x0800011f   Thumb Code     0  startup_stm32f10x_md.o(.text)
    CAN1_SCE_IRQHandler                      0x0800011f   Thumb Code     0  startup_stm32f10x_md.o(.text)
    DMA1_Channel1_IRQHandler                 0x0800011f   Thumb Code     0  startup_stm32f10x_md.o(.text)
    DMA1_Channel2_IRQHandler                 0x0800011f   Thumb Code     0  startup_stm32f10x_md.o(.text)
    DMA1_Channel3_IRQHandler                 0x0800011f   Thumb Code     0  startup_stm32f10x_md.o(.text)
    DMA1_Channel4_IRQHandler                 0x0800011f   Thumb Code     0  startup_stm32f10x_md.o(.text)
    DMA1_Channel5_IRQHandler                 0x0800011f   Thumb Code     0  startup_stm32f10x_md.o(.text)
    DMA1_Channel6_IRQHandler                 0x0800011f   Thumb Code     0  startup_stm32f10x_md.o(.text)
    DMA1_Channel7_IRQHandler                 0x0800011f   Thumb Code     0  startup_stm32f10x_md.o(.text)
    EXTI0_IRQHandler                         0x0800011f   Thumb Code     0  startup_stm32f10x_md.o(.text)
    EXTI15_10_IRQHandler                     0x0800011f   Thumb Code     0  startup_stm32f10x_md.o(.text)
    EXTI1_IRQHandler                         0x0800011f   Thumb Code     0  startup_stm32f10x_md.o(.text)
    EXTI2_IRQHandler                         0x0800011f   Thumb Code     0  startup_stm32f10x_md.o(.text)
    EXTI3_IRQHandler                         0x0800011f   Thumb Code     0  startup_stm32f10x_md.o(.text)
    EXTI4_IRQHandler                         0x0800011f   Thumb Code     0  startup_stm32f10x_md.o(.text)
    EXTI9_5_IRQHandler                       0x0800011f   Thumb Code     0  startup_stm32f10x_md.o(.text)
    FLASH_IRQHandler                         0x0800011f   Thumb Code     0  startup_stm32f10x_md.o(.text)
    I2C1_ER_IRQHandler                       0x0800011f   Thumb Code     0  startup_stm32f10x_md.o(.text)
    I2C1_EV_IRQHandler                       0x0800011f   Thumb Code     0  startup_stm32f10x_md.o(.text)
    I2C2_ER_IRQHandler                       0x0800011f   Thumb Code     0  startup_stm32f10x_md.o(.text)
    I2C2_EV_IRQHandler                       0x0800011f   Thumb Code     0  startup_stm32f10x_md.o(.text)
    PVD_IRQHandler                           0x0800011f   Thumb Code     0  startup_stm32f10x_md.o(.text)
    RCC_IRQHandler                           0x0800011f   Thumb Code     0  startup_stm32f10x_md.o(.text)
    RTCAlarm_IRQHandler                      0x0800011f   Thumb Code     0  startup_stm32f10x_md.o(.text)
    RTC_IRQHandler                           0x0800011f   Thumb Code     0  startup_stm32f10x_md.o(.text)
    SPI1_IRQHandler                          0x0800011f   Thumb Code     0  startup_stm32f10x_md.o(.text)
    SPI2_IRQHandler                          0x0800011f   Thumb Code     0  startup_stm32f10x_md.o(.text)
    TAMPER_IRQHandler                        0x0800011f   Thumb Code     0  startup_stm32f10x_md.o(.text)
    TIM1_BRK_IRQHandler                      0x0800011f   Thumb Code     0  startup_stm32f10x_md.o(.text)
    TIM1_CC_IRQHandler                       0x0800011f   Thumb Code     0  startup_stm32f10x_md.o(.text)
    TIM1_TRG_COM_IRQHandler                  0x0800011f   Thumb Code     0  startup_stm32f10x_md.o(.text)
    TIM2_IRQHandler                          0x0800011f   Thumb Code     0  startup_stm32f10x_md.o(.text)
    TIM3_IRQHandler                          0x0800011f   Thumb Code     0  startup_stm32f10x_md.o(.text)
    TIM4_IRQHandler                          0x0800011f   Thumb Code     0  startup_stm32f10x_md.o(.text)
    USBWakeUp_IRQHandler                     0x0800011f   Thumb Code     0  startup_stm32f10x_md.o(.text)
    USB_HP_CAN1_TX_IRQHandler                0x0800011f   Thumb Code     0  startup_stm32f10x_md.o(.text)
    USB_LP_CAN1_RX0_IRQHandler               0x0800011f   Thumb Code     0  startup_stm32f10x_md.o(.text)
    WWDG_IRQHandler                          0x0800011f   Thumb Code     0  startup_stm32f10x_md.o(.text)
    __aeabi_memcpy                           0x08000129   Thumb Code    36  memcpya.o(.text)
    __aeabi_memcpy4                          0x08000129   Thumb Code     0  memcpya.o(.text)
    __aeabi_memcpy8                          0x08000129   Thumb Code     0  memcpya.o(.text)
    __aeabi_memset                           0x0800014d   Thumb Code    14  memseta.o(.text)
    __aeabi_memset4                          0x0800014d   Thumb Code     0  memseta.o(.text)
    __aeabi_memset8                          0x0800014d   Thumb Code     0  memseta.o(.text)
    __aeabi_memclr                           0x0800015b   Thumb Code     4  memseta.o(.text)
    __aeabi_memclr4                          0x0800015b   Thumb Code     0  memseta.o(.text)
    __aeabi_memclr8                          0x0800015b   Thumb Code     0  memseta.o(.text)
    _memset$wrapper                          0x0800015f   Thumb Code    18  memseta.o(.text)
    __aeabi_ddiv                             0x08000171   Thumb Code   222  ddiv.o(.text)
    __aeabi_i2f                              0x0800024f   Thumb Code    18  fflti.o(.text)
    __aeabi_d2iz                             0x08000261   Thumb Code    62  dfixi.o(.text)
    __aeabi_f2d                              0x0800029f   Thumb Code    38  f2d.o(.text)
    __aeabi_uidiv                            0x080002c5   Thumb Code     0  uidiv.o(.text)
    __aeabi_uidivmod                         0x080002c5   Thumb Code    44  uidiv.o(.text)
    __aeabi_llsr                             0x080002f1   Thumb Code    32  llushr.o(.text)
    _ll_ushift_r                             0x080002f1   Thumb Code     0  llushr.o(.text)
    __I$use$fp                               0x08000311   Thumb Code     0  iusefp.o(.text)
    _float_round                             0x08000311   Thumb Code    18  fepilogue.o(.text)
    _float_epilogue                          0x08000323   Thumb Code    92  fepilogue.o(.text)
    _double_round                            0x0800037f   Thumb Code    30  depilogue.o(.text)
    _double_epilogue                         0x0800039d   Thumb Code   156  depilogue.o(.text)
    __scatterload                            0x08000439   Thumb Code    28  init.o(.text)
    __scatterload_rt2                        0x08000439   Thumb Code     0  init.o(.text)
    __aeabi_llsl                             0x0800045d   Thumb Code    30  llshl.o(.text)
    _ll_shift_l                              0x0800045d   Thumb Code     0  llshl.o(.text)
    BusFault_Handler                         0x0800047b   Thumb Code     2  stm32f10x_it.o(i.BusFault_Handler)
    Buzzer_OFF                               0x0800047d   Thumb Code    10  relay.o(i.Buzzer_OFF)
    Buzzer_ON                                0x0800048d   Thumb Code    10  relay.o(i.Buzzer_ON)
    DHT11_Check                              0x0800049d   Thumb Code    90  dht11.o(i.DHT11_Check)
    DHT11_IO_IN                              0x080004fd   Thumb Code    42  dht11.o(i.DHT11_IO_IN)
    DHT11_IO_OUT                             0x0800052d   Thumb Code    32  dht11.o(i.DHT11_IO_OUT)
    DHT11_Init                               0x08000551   Thumb Code    14  dht11.o(i.DHT11_Init)
    DHT11_Read_Bit                           0x08000561   Thumb Code    92  dht11.o(i.DHT11_Read_Bit)
    DHT11_Read_Byte                          0x080005c1   Thumb Code    26  dht11.o(i.DHT11_Read_Byte)
    DHT11_Read_Data                          0x080005db   Thumb Code    80  dht11.o(i.DHT11_Read_Data)
    DHT11_Rst                                0x0800062d   Thumb Code    44  dht11.o(i.DHT11_Rst)
    DebugMon_Handler                         0x0800065d   Thumb Code     2  stm32f10x_it.o(i.DebugMon_Handler)
    Delay_ms                                 0x0800065f   Thumb Code    24  delay.o(i.Delay_ms)
    Delay_us                                 0x08000677   Thumb Code    32  delay.o(i.Delay_us)
    Fan_OFF                                  0x08000699   Thumb Code     8  relay.o(i.Fan_OFF)
    Fan_ON                                   0x080006a5   Thumb Code     8  relay.o(i.Fan_ON)
    GPIO_Init                                0x080006b1   Thumb Code   166  stm32f10x_gpio.o(i.GPIO_Init)
    GPIO_PinRemapConfig                      0x08000759   Thumb Code    86  stm32f10x_gpio.o(i.GPIO_PinRemapConfig)
    GPIO_ReadInputDataBit                    0x080007b5   Thumb Code    14  stm32f10x_gpio.o(i.GPIO_ReadInputDataBit)
    GPIO_ResetBits                           0x080007c3   Thumb Code     4  stm32f10x_gpio.o(i.GPIO_ResetBits)
    GPIO_SetBits                             0x080007c7   Thumb Code     4  stm32f10x_gpio.o(i.GPIO_SetBits)
    Get_Maopi                                0x080007cd   Thumb Code    12  hx711.o(i.Get_Maopi)
    Get_Weight                               0x080007dd   Thumb Code    42  hx711.o(i.Get_Weight)
    HX711_Read                               0x08000811   Thumb Code   100  hx711.o(i.HX711_Read)
    HardFault_Handler                        0x08000879   Thumb Code     2  stm32f10x_it.o(i.HardFault_Handler)
    IIC_Start                                0x0800087d   Thumb Code    40  oled.o(i.IIC_Start)
    IIC_Stop                                 0x080008a9   Thumb Code    32  oled.o(i.IIC_Stop)
    IIC_WaitAck                              0x080008cd   Thumb Code    24  oled.o(i.IIC_WaitAck)
    IIC_WriteByte                            0x080008e9   Thumb Code    72  oled.o(i.IIC_WriteByte)
    IIC_WriteCommand                         0x08000935   Thumb Code    46  oled.o(i.IIC_WriteCommand)
    IIC_WriteData                            0x08000963   Thumb Code    46  oled.o(i.IIC_WriteData)
    Init_HX711pin                            0x08000991   Thumb Code    68  hx711.o(i.Init_HX711pin)
    Key_GetNum                               0x080009d9   Thumb Code    92  key.o(i.Key_GetNum)
    Key_Init                                 0x08000a39   Thumb Code    48  key.o(i.Key_Init)
    LED_Init                                 0x08000a71   Thumb Code    90  relay.o(i.LED_Init)
    LED_ON                                   0x08000ad5   Thumb Code    10  relay.o(i.LED_ON)
    MemManage_Handler                        0x08000ae5   Thumb Code     2  stm32f10x_it.o(i.MemManage_Handler)
    Motor_Init                               0x08000ae9   Thumb Code   158  motor.o(i.Motor_Init)
    Motor_SetSpeed                           0x08000b8d   Thumb Code    70  motor.o(i.Motor_SetSpeed)
    NMI_Handler                              0x08000bd9   Thumb Code     2  stm32f10x_it.o(i.NMI_Handler)
    NVIC_Init                                0x08000bdd   Thumb Code    96  misc.o(i.NVIC_Init)
    NVIC_PriorityGroupConfig                 0x08000c41   Thumb Code    10  misc.o(i.NVIC_PriorityGroupConfig)
    OLED_Clear                               0x08000c55   Thumb Code    58  oled.o(i.OLED_Clear)
    OLED_Init                                0x08000c91   Thumb Code   310  oled.o(i.OLED_Init)
    OLED_SetPos                              0x08000dcd   Thumb Code    40  oled.o(i.OLED_SetPos)
    OLED_ShowChar                            0x08000df5   Thumb Code   134  oled.o(i.OLED_ShowChar)
    OLED_ShowNum                             0x08000e85   Thumb Code   112  oled.o(i.OLED_ShowNum)
    OLED_ShowString                          0x08000ef5   Thumb Code    54  oled.o(i.OLED_ShowString)
    OLED_WR_Byte                             0x08000f2b   Thumb Code    16  oled.o(i.OLED_WR_Byte)
    Parameter_collection                     0x08000f3d   Thumb Code    18  app.o(i.Parameter_collection)
    PendSV_Handler                           0x08000f55   Thumb Code     2  stm32f10x_it.o(i.PendSV_Handler)
    RCC_APB1PeriphClockCmd                   0x08000f59   Thumb Code    22  stm32f10x_rcc.o(i.RCC_APB1PeriphClockCmd)
    RCC_APB2PeriphClockCmd                   0x08000f75   Thumb Code    22  stm32f10x_rcc.o(i.RCC_APB2PeriphClockCmd)
    RCC_GetClocksFreq                        0x08000f91   Thumb Code   154  stm32f10x_rcc.o(i.RCC_GetClocksFreq)
    REFRIG_OFF                               0x0800103d   Thumb Code     8  relay.o(i.REFRIG_OFF)
    REFRIG_ON                                0x08001049   Thumb Code     8  relay.o(i.REFRIG_ON)
    SVC_Handler                              0x08001055   Thumb Code     2  stm32f10x_it.o(i.SVC_Handler)
    SysTick_Handler                          0x0800110d   Thumb Code     2  stm32f10x_it.o(i.SysTick_Handler)
    SystemInit                               0x08001111   Thumb Code    64  system_stm32f10x.o(i.SystemInit)
    TIM1_Int_Init                            0x08001161   Thumb Code    92  timer.o(i.TIM1_Int_Init)
    TIM1_UP_IRQHandler                       0x080011c1   Thumb Code    34  timer.o(i.TIM1_UP_IRQHandler)
    TIM_ClearITPendingBit                    0x080011e9   Thumb Code     6  stm32f10x_tim.o(i.TIM_ClearITPendingBit)
    TIM_Cmd                                  0x080011ef   Thumb Code    24  stm32f10x_tim.o(i.TIM_Cmd)
    TIM_GetITStatus                          0x08001207   Thumb Code    24  stm32f10x_tim.o(i.TIM_GetITStatus)
    TIM_ITConfig                             0x0800121f   Thumb Code    20  stm32f10x_tim.o(i.TIM_ITConfig)
    TIM_InternalClockConfig                  0x08001233   Thumb Code    10  stm32f10x_tim.o(i.TIM_InternalClockConfig)
    TIM_OC1Init                              0x0800123d   Thumb Code   114  stm32f10x_tim.o(i.TIM_OC1Init)
    TIM_OCStructInit                         0x080012c5   Thumb Code    20  stm32f10x_tim.o(i.TIM_OCStructInit)
    TIM_SetCompare1                          0x080012d9   Thumb Code     4  stm32f10x_tim.o(i.TIM_SetCompare1)
    TIM_TimeBaseInit                         0x080012dd   Thumb Code   114  stm32f10x_tim.o(i.TIM_TimeBaseInit)
    USART1_IRQHandler                        0x08001379   Thumb Code    68  usart.o(i.USART1_IRQHandler)
    USART2_IRQHandler                        0x080013c5   Thumb Code    30  usart2.o(i.USART2_IRQHandler)
    USART3_IRQHandler                        0x080013e9   Thumb Code    36  usart3.o(i.USART3_IRQHandler)
    USART_ClearITPendingBit                  0x08001411   Thumb Code    16  stm32f10x_usart.o(i.USART_ClearITPendingBit)
    USART_Cmd                                0x08001421   Thumb Code    24  stm32f10x_usart.o(i.USART_Cmd)
    USART_GetFlagStatus                      0x08001439   Thumb Code    14  stm32f10x_usart.o(i.USART_GetFlagStatus)
    USART_GetITStatus                        0x08001447   Thumb Code    64  stm32f10x_usart.o(i.USART_GetITStatus)
    USART_ITConfig                           0x08001487   Thumb Code    54  stm32f10x_usart.o(i.USART_ITConfig)
    USART_Init                               0x080014bd   Thumb Code   182  stm32f10x_usart.o(i.USART_Init)
    USART_ReceiveData                        0x08001579   Thumb Code     8  stm32f10x_usart.o(i.USART_ReceiveData)
    USART_SendData                           0x08001581   Thumb Code     8  stm32f10x_usart.o(i.USART_SendData)
    UsageFault_Handler                       0x08001589   Thumb Code     2  stm32f10x_it.o(i.UsageFault_Handler)
    __0sprintf$1                             0x0800158d   Thumb Code    34  printf1.o(i.__0sprintf$1)
    __1sprintf$1                             0x0800158d   Thumb Code     0  printf1.o(i.__0sprintf$1)
    __2sprintf                               0x0800158d   Thumb Code     0  printf1.o(i.__0sprintf$1)
    __scatterload_copy                       0x080015b5   Thumb Code    14  handlers.o(i.__scatterload_copy)
    __scatterload_null                       0x080015c3   Thumb Code     2  handlers.o(i.__scatterload_null)
    __scatterload_zeroinit                   0x080015c5   Thumb Code    14  handlers.o(i.__scatterload_zeroinit)
    app_init                                 0x08001733   Thumb Code    96  app.o(i.app_init)
    app_run                                  0x08001795   Thumb Code    58  app.o(i.app_run)
    calculateDynamicBitPartLen               0x080017d9   Thumb Code     4  gizwits_protocol.o(i.calculateDynamicBitPartLen)
    exchangeBytes                            0x080017dd   Thumb Code    30  common.o(i.exchangeBytes)
    exchangeWord                             0x080017fb   Thumb Code    24  common.o(i.exchangeWord)
    free                                     0x08001815   Thumb Code    76  malloc.o(i.free)
    gizGetTimerCount                         0x08001ba1   Thumb Code     6  gizwits_product.o(i.gizGetTimerCount)
    gizProtocolSum                           0x08002315   Thumb Code    36  common.o(i.gizProtocolSum)
    gizPutData                               0x080023a5   Thumb Code    34  gizwits_protocol.o(i.gizPutData)
    gizTimerMs                               0x08002451   Thumb Code    10  gizwits_product.o(i.gizTimerMs)
    gizX2Y                                   0x08002461   Thumb Code     6  datapointtools.o(i.gizX2Y)
    gizY2X                                   0x08002467   Thumb Code     8  datapointtools.o(i.gizY2X)
    gizwitsEventProcess                      0x08002471   Thumb Code    86  gizwits_product.o(i.gizwitsEventProcess)
    gizwitsHandle                            0x080024d5   Thumb Code   412  gizwits_protocol.o(i.gizwitsHandle)
    gizwitsInit                              0x08002679   Thumb Code    32  gizwits_protocol.o(i.gizwitsInit)
    gizwitsSetMode                           0x080026a1   Thumb Code   430  gizwits_protocol.o(i.gizwitsSetMode)
    key_deal                                 0x08002855   Thumb Code    74  app.o(i.key_deal)
    main                                     0x080028a9   Thumb Code    10  main.o(i.main)
    mcuRestart                               0x080028b5   Thumb Code    26  gizwits_product.o(i.mcuRestart)
    oled_pow                                 0x080028d9   Thumb Code    16  oled.o(i.oled_pow)
    oled_show                                0x080028e9   Thumb Code   174  app.o(i.oled_show)
    rbCanRead                                0x080029d1   Thumb Code    52  ringbuffer.o(i.rbCanRead)
    rbCanWrite                               0x08002a05   Thumb Code    32  ringbuffer.o(i.rbCanWrite)
    rbCapacity                               0x08002a25   Thumb Code    14  ringbuffer.o(i.rbCapacity)
    rbCreate                                 0x08002a33   Thumb Code    20  ringbuffer.o(i.rbCreate)
    rbRead                                   0x08002a47   Thumb Code   146  ringbuffer.o(i.rbRead)
    rbWrite                                  0x08002ad9   Thumb Code   150  ringbuffer.o(i.rbWrite)
    relay_control                            0x08002b71   Thumb Code    70  app.o(i.relay_control)
    uartWrite                                0x08002bbd   Thumb Code    86  gizwits_product.o(i.uartWrite)
    usart1_init                              0x08002c19   Thumb Code   168  usart.o(i.usart1_init)
    usart3_init                              0x08002cc9   Thumb Code   158  usart3.o(i.usart3_init)
    userHandle                               0x08002d71   Thumb Code    28  gizwits_product.o(i.userHandle)
    userInit                                 0x08002da1   Thumb Code    24  gizwits_product.o(i.userInit)
    F6x8                                     0x08002dbc   Data         552  oled.o(.constdata)
    F8X16                                    0x08002fe4   Data        1520  oled.o(.constdata)
    Hzk                                      0x080035d4   Data         128  oled.o(.constdata)
    Region$$Table$$Base                      0x08003654   Number         0  anon$$obj.o(Region$$Table)
    Region$$Table$$Limit                     0x08003674   Number         0  anon$$obj.o(Region$$Table)
    CO2_Data                                 0x20000015   Data           6  usart.o(.data)
    Motor_time                               0x2000001b   Data           1  timer.o(.data)
    humidity                                 0x2000001c   Data           1  app.o(.data)
    tempreture                               0x2000001d   Data           1  app.o(.data)
    motor_running                            0x2000001e   Data           1  app.o(.data)
    temp_threshold                           0x2000001f   Data           1  app.o(.data)
    Cherry                                   0x20000020   Data           2  app.o(.data)
    CO2                                      0x20000024   Data           4  app.o(.data)
    co2_threshold                            0x20000028   Data           4  app.o(.data)
    P                                        0x2000002c   Data           4  hx711.o(.data)
    X                                        0x20000030   Data           4  hx711.o(.data)
    K                                        0x20000034   Data           4  hx711.o(.data)
    Q                                        0x20000038   Data           4  hx711.o(.data)
    R                                        0x2000003c   Data           4  hx711.o(.data)
    HX711_Buffer                             0x20000040   Data           4  hx711.o(.data)
    Weight_Maopi                             0x20000044   Data           4  hx711.o(.data)
    Weight_Shiwu                             0x20000048   Data           4  hx711.o(.data)
    P_                                       0x2000004c   Data           4  hx711.o(.data)
    X_                                       0x20000050   Data           4  hx711.o(.data)
    __microlib_freelist                      0x20000068   Data           4  mvars.o(.data)
    currentDataPoint                         0x2000006c   Data          24  gizwits_product.o(.bss)
    gizwitsProtocol                          0x20000084   Data         432  gizwits_protocol.o(.bss)
    pRb                                      0x20000234   Data          16  gizwits_protocol.o(.bss)
    __initial_sp                             0x200006c0   Data           0  startup_stm32f10x_md.o(STACK)



==============================================================================

Memory Map of the image

  Image Entry point : 0x080000ed

  Load Region LR_IROM1 (Base: 0x08000000, Size: 0x000036e0, Max: 0x00010000, ABSOLUTE)

    Execution Region ER_IROM1 (Exec base: 0x08000000, Load base: 0x08000000, Size: 0x00003674, Max: 0x00010000, ABSOLUTE)

    Exec Addr    Load Addr    Size         Type   Attr      Idx    E Section Name        Object

    0x08000000   0x08000000   0x000000ec   Data   RO            3    RESET               startup_stm32f10x_md.o
    0x080000ec   0x080000ec   0x00000000   Code   RO         4428  * .ARM.Collect$$$$00000000  mc_w.l(entry.o)
    0x080000ec   0x080000ec   0x00000004   Code   RO         4748    .ARM.Collect$$$$00000001  mc_w.l(entry2.o)
    0x080000f0   0x080000f0   0x00000004   Code   RO         4751    .ARM.Collect$$$$00000004  mc_w.l(entry5.o)
    0x080000f4   0x080000f4   0x00000000   Code   RO         4753    .ARM.Collect$$$$00000008  mc_w.l(entry7b.o)
    0x080000f4   0x080000f4   0x00000000   Code   RO         4755    .ARM.Collect$$$$0000000A  mc_w.l(entry8b.o)
    0x080000f4   0x080000f4   0x00000008   Code   RO         4756    .ARM.Collect$$$$0000000B  mc_w.l(entry9a.o)
    0x080000fc   0x080000fc   0x00000004   Code   RO         4763    .ARM.Collect$$$$0000000E  mc_w.l(entry12b.o)
    0x08000100   0x08000100   0x00000000   Code   RO         4758    .ARM.Collect$$$$0000000F  mc_w.l(entry10a.o)
    0x08000100   0x08000100   0x00000000   Code   RO         4760    .ARM.Collect$$$$00000011  mc_w.l(entry11a.o)
    0x08000100   0x08000100   0x00000004   Code   RO         4749    .ARM.Collect$$$$00002712  mc_w.l(entry2.o)
    0x08000104   0x08000104   0x00000024   Code   RO            4    .text               startup_stm32f10x_md.o
    0x08000128   0x08000128   0x00000024   Code   RO         4433    .text               mc_w.l(memcpya.o)
    0x0800014c   0x0800014c   0x00000024   Code   RO         4435    .text               mc_w.l(memseta.o)
    0x08000170   0x08000170   0x000000de   Code   RO         4736    .text               mf_w.l(ddiv.o)
    0x0800024e   0x0800024e   0x00000012   Code   RO         4738    .text               mf_w.l(fflti.o)
    0x08000260   0x08000260   0x0000003e   Code   RO         4744    .text               mf_w.l(dfixi.o)
    0x0800029e   0x0800029e   0x00000026   Code   RO         4746    .text               mf_w.l(f2d.o)
    0x080002c4   0x080002c4   0x0000002c   Code   RO         4767    .text               mc_w.l(uidiv.o)
    0x080002f0   0x080002f0   0x00000020   Code   RO         4771    .text               mc_w.l(llushr.o)
    0x08000310   0x08000310   0x00000000   Code   RO         4775    .text               mc_w.l(iusefp.o)
    0x08000310   0x08000310   0x0000006e   Code   RO         4776    .text               mf_w.l(fepilogue.o)
    0x0800037e   0x0800037e   0x000000ba   Code   RO         4778    .text               mf_w.l(depilogue.o)
    0x08000438   0x08000438   0x00000024   Code   RO         4788    .text               mc_w.l(init.o)
    0x0800045c   0x0800045c   0x0000001e   Code   RO         4791    .text               mc_w.l(llshl.o)
    0x0800047a   0x0800047a   0x00000002   Code   RO         3928    i.BusFault_Handler  stm32f10x_it.o
    0x0800047c   0x0800047c   0x00000010   Code   RO         3810    i.Buzzer_OFF        relay.o
    0x0800048c   0x0800048c   0x00000010   Code   RO         3811    i.Buzzer_ON         relay.o
    0x0800049c   0x0800049c   0x00000060   Code   RO         3690    i.DHT11_Check       dht11.o
    0x080004fc   0x080004fc   0x00000030   Code   RO         3691    i.DHT11_IO_IN       dht11.o
    0x0800052c   0x0800052c   0x00000024   Code   RO         3692    i.DHT11_IO_OUT      dht11.o
    0x08000550   0x08000550   0x0000000e   Code   RO         3693    i.DHT11_Init        dht11.o
    0x0800055e   0x0800055e   0x00000002   PAD
    0x08000560   0x08000560   0x00000060   Code   RO         3694    i.DHT11_Read_Bit    dht11.o
    0x080005c0   0x080005c0   0x0000001a   Code   RO         3695    i.DHT11_Read_Byte   dht11.o
    0x080005da   0x080005da   0x00000050   Code   RO         3696    i.DHT11_Read_Data   dht11.o
    0x0800062a   0x0800062a   0x00000002   PAD
    0x0800062c   0x0800062c   0x00000030   Code   RO         3697    i.DHT11_Rst         dht11.o
    0x0800065c   0x0800065c   0x00000002   Code   RO         3929    i.DebugMon_Handler  stm32f10x_it.o
    0x0800065e   0x0800065e   0x00000018   Code   RO         3186    i.Delay_ms          delay.o
    0x08000676   0x08000676   0x00000020   Code   RO         3188    i.Delay_us          delay.o
    0x08000696   0x08000696   0x00000002   PAD
    0x08000698   0x08000698   0x0000000c   Code   RO         3813    i.Fan_OFF           relay.o
    0x080006a4   0x080006a4   0x0000000c   Code   RO         3814    i.Fan_ON            relay.o
    0x080006b0   0x080006b0   0x000000a6   Code   RO         1337    i.GPIO_Init         stm32f10x_gpio.o
    0x08000756   0x08000756   0x00000002   PAD
    0x08000758   0x08000758   0x0000005c   Code   RO         1339    i.GPIO_PinRemapConfig  stm32f10x_gpio.o
    0x080007b4   0x080007b4   0x0000000e   Code   RO         1341    i.GPIO_ReadInputDataBit  stm32f10x_gpio.o
    0x080007c2   0x080007c2   0x00000004   Code   RO         1344    i.GPIO_ResetBits    stm32f10x_gpio.o
    0x080007c6   0x080007c6   0x00000004   Code   RO         1345    i.GPIO_SetBits      stm32f10x_gpio.o
    0x080007ca   0x080007ca   0x00000002   PAD
    0x080007cc   0x080007cc   0x00000010   Code   RO         3747    i.Get_Maopi         hx711.o
    0x080007dc   0x080007dc   0x00000034   Code   RO         3748    i.Get_Weight        hx711.o
    0x08000810   0x08000810   0x00000068   Code   RO         3749    i.HX711_Read        hx711.o
    0x08000878   0x08000878   0x00000002   Code   RO         3930    i.HardFault_Handler  stm32f10x_it.o
    0x0800087a   0x0800087a   0x00000002   PAD
    0x0800087c   0x0800087c   0x0000002c   Code   RO         3554    i.IIC_Start         oled.o
    0x080008a8   0x080008a8   0x00000024   Code   RO         3555    i.IIC_Stop          oled.o
    0x080008cc   0x080008cc   0x0000001c   Code   RO         3556    i.IIC_WaitAck       oled.o
    0x080008e8   0x080008e8   0x0000004c   Code   RO         3557    i.IIC_WriteByte     oled.o
    0x08000934   0x08000934   0x0000002e   Code   RO         3558    i.IIC_WriteCommand  oled.o
    0x08000962   0x08000962   0x0000002e   Code   RO         3559    i.IIC_WriteData     oled.o
    0x08000990   0x08000990   0x00000048   Code   RO         3750    i.Init_HX711pin     hx711.o
    0x080009d8   0x080009d8   0x00000060   Code   RO         3533    i.Key_GetNum        key.o
    0x08000a38   0x08000a38   0x00000038   Code   RO         3534    i.Key_Init          key.o
    0x08000a70   0x08000a70   0x00000064   Code   RO         3816    i.LED_Init          relay.o
    0x08000ad4   0x08000ad4   0x00000010   Code   RO         3817    i.LED_ON            relay.o
    0x08000ae4   0x08000ae4   0x00000002   Code   RO         3931    i.MemManage_Handler  stm32f10x_it.o
    0x08000ae6   0x08000ae6   0x00000002   PAD
    0x08000ae8   0x08000ae8   0x000000a4   Code   RO         3792    i.Motor_Init        motor.o
    0x08000b8c   0x08000b8c   0x0000004c   Code   RO         3793    i.Motor_SetSpeed    motor.o
    0x08000bd8   0x08000bd8   0x00000002   Code   RO         3932    i.NMI_Handler       stm32f10x_it.o
    0x08000bda   0x08000bda   0x00000002   PAD
    0x08000bdc   0x08000bdc   0x00000064   Code   RO          127    i.NVIC_Init         misc.o
    0x08000c40   0x08000c40   0x00000014   Code   RO          128    i.NVIC_PriorityGroupConfig  misc.o
    0x08000c54   0x08000c54   0x0000003a   Code   RO         3560    i.OLED_Clear        oled.o
    0x08000c8e   0x08000c8e   0x00000002   PAD
    0x08000c90   0x08000c90   0x0000013c   Code   RO         3565    i.OLED_Init         oled.o
    0x08000dcc   0x08000dcc   0x00000028   Code   RO         3567    i.OLED_SetPos       oled.o
    0x08000df4   0x08000df4   0x00000090   Code   RO         3569    i.OLED_ShowChar     oled.o
    0x08000e84   0x08000e84   0x00000070   Code   RO         3570    i.OLED_ShowNum      oled.o
    0x08000ef4   0x08000ef4   0x00000036   Code   RO         3571    i.OLED_ShowString   oled.o
    0x08000f2a   0x08000f2a   0x00000010   Code   RO         3572    i.OLED_WR_Byte      oled.o
    0x08000f3a   0x08000f3a   0x00000002   PAD
    0x08000f3c   0x08000f3c   0x00000018   Code   RO         3357    i.Parameter_collection  app.o
    0x08000f54   0x08000f54   0x00000002   Code   RO         3933    i.PendSV_Handler    stm32f10x_it.o
    0x08000f56   0x08000f56   0x00000002   PAD
    0x08000f58   0x08000f58   0x0000001c   Code   RO         1765    i.RCC_APB1PeriphClockCmd  stm32f10x_rcc.o
    0x08000f74   0x08000f74   0x0000001c   Code   RO         1767    i.RCC_APB2PeriphClockCmd  stm32f10x_rcc.o
    0x08000f90   0x08000f90   0x000000ac   Code   RO         1775    i.RCC_GetClocksFreq  stm32f10x_rcc.o
    0x0800103c   0x0800103c   0x0000000c   Code   RO         3818    i.REFRIG_OFF        relay.o
    0x08001048   0x08001048   0x0000000c   Code   RO         3819    i.REFRIG_ON         relay.o
    0x08001054   0x08001054   0x00000002   Code   RO         3934    i.SVC_Handler       stm32f10x_it.o
    0x08001056   0x08001056   0x00000004   Code   RO           10    i.SetSysClock       system_stm32f10x.o
    0x0800105a   0x0800105a   0x00000002   PAD
    0x0800105c   0x0800105c   0x000000b0   Code   RO           11    i.SetSysClockTo72   system_stm32f10x.o
    0x0800110c   0x0800110c   0x00000002   Code   RO         3935    i.SysTick_Handler   stm32f10x_it.o
    0x0800110e   0x0800110e   0x00000002   PAD
    0x08001110   0x08001110   0x00000050   Code   RO           13    i.SystemInit        system_stm32f10x.o
    0x08001160   0x08001160   0x00000060   Code   RO         3270    i.TIM1_Int_Init     timer.o
    0x080011c0   0x080011c0   0x00000028   Code   RO         3271    i.TIM1_UP_IRQHandler  timer.o
    0x080011e8   0x080011e8   0x00000006   Code   RO         2406    i.TIM_ClearITPendingBit  stm32f10x_tim.o
    0x080011ee   0x080011ee   0x00000018   Code   RO         2411    i.TIM_Cmd           stm32f10x_tim.o
    0x08001206   0x08001206   0x00000018   Code   RO         2432    i.TIM_GetITStatus   stm32f10x_tim.o
    0x0800121e   0x0800121e   0x00000014   Code   RO         2436    i.TIM_ITConfig      stm32f10x_tim.o
    0x08001232   0x08001232   0x0000000a   Code   RO         2438    i.TIM_InternalClockConfig  stm32f10x_tim.o
    0x0800123c   0x0800123c   0x00000088   Code   RO         2440    i.TIM_OC1Init       stm32f10x_tim.o
    0x080012c4   0x080012c4   0x00000014   Code   RO         2458    i.TIM_OCStructInit  stm32f10x_tim.o
    0x080012d8   0x080012d8   0x00000004   Code   RO         2472    i.TIM_SetCompare1   stm32f10x_tim.o
    0x080012dc   0x080012dc   0x0000009c   Code   RO         2482    i.TIM_TimeBaseInit  stm32f10x_tim.o
    0x08001378   0x08001378   0x0000004c   Code   RO         3225    i.USART1_IRQHandler  usart.o
    0x080013c4   0x080013c4   0x00000024   Code   RO         3249    i.USART2_IRQHandler  usart2.o
    0x080013e8   0x080013e8   0x00000028   Code   RO         3336    i.USART3_IRQHandler  usart3.o
    0x08001410   0x08001410   0x00000010   Code   RO         2947    i.USART_ClearITPendingBit  stm32f10x_usart.o
    0x08001420   0x08001420   0x00000018   Code   RO         2950    i.USART_Cmd         stm32f10x_usart.o
    0x08001438   0x08001438   0x0000000e   Code   RO         2953    i.USART_GetFlagStatus  stm32f10x_usart.o
    0x08001446   0x08001446   0x00000040   Code   RO         2954    i.USART_GetITStatus  stm32f10x_usart.o
    0x08001486   0x08001486   0x00000036   Code   RO         2956    i.USART_ITConfig    stm32f10x_usart.o
    0x080014bc   0x080014bc   0x000000bc   Code   RO         2957    i.USART_Init        stm32f10x_usart.o
    0x08001578   0x08001578   0x00000008   Code   RO         2964    i.USART_ReceiveData  stm32f10x_usart.o
    0x08001580   0x08001580   0x00000008   Code   RO         2967    i.USART_SendData    stm32f10x_usart.o
    0x08001588   0x08001588   0x00000002   Code   RO         3936    i.UsageFault_Handler  stm32f10x_it.o
    0x0800158a   0x0800158a   0x00000002   PAD
    0x0800158c   0x0800158c   0x00000028   Code   RO         4488    i.__0sprintf$1      mc_w.l(printf1.o)
    0x080015b4   0x080015b4   0x0000000e   Code   RO         4798    i.__scatterload_copy  mc_w.l(handlers.o)
    0x080015c2   0x080015c2   0x00000002   Code   RO         4799    i.__scatterload_null  mc_w.l(handlers.o)
    0x080015c4   0x080015c4   0x0000000e   Code   RO         4800    i.__scatterload_zeroinit  mc_w.l(handlers.o)
    0x080015d2   0x080015d2   0x00000002   PAD
    0x080015d4   0x080015d4   0x00000154   Code   RO         4493    i._printf_core      mc_w.l(printf1.o)
    0x08001728   0x08001728   0x0000000a   Code   RO         4495    i._sputc            mc_w.l(printf1.o)
    0x08001732   0x08001732   0x00000060   Code   RO         3358    i.app_init          app.o
    0x08001792   0x08001792   0x00000002   PAD
    0x08001794   0x08001794   0x00000044   Code   RO         3359    i.app_run           app.o
    0x080017d8   0x080017d8   0x00000004   Code   RO         4066    i.calculateDynamicBitPartLen  gizwits_protocol.o
    0x080017dc   0x080017dc   0x0000001e   Code   RO         4236    i.exchangeBytes     common.o
    0x080017fa   0x080017fa   0x00000018   Code   RO         4237    i.exchangeWord      common.o
    0x08001812   0x08001812   0x00000002   PAD
    0x08001814   0x08001814   0x00000050   Code   RO         4702    i.free              mc_w.l(malloc.o)
    0x08001864   0x08001864   0x000000ec   Code   RO         4067    i.gizCheckReport    gizwits_protocol.o
    0x08001950   0x08001950   0x00000098   Code   RO         4068    i.gizDataPoint2Event  gizwits_protocol.o
    0x080019e8   0x080019e8   0x00000108   Code   RO         4069    i.gizDataPoints2ReportData  gizwits_protocol.o
    0x08001af0   0x08001af0   0x000000b0   Code   RO         4070    i.gizDevReportPolicy  gizwits_protocol.o
    0x08001ba0   0x08001ba0   0x0000000c   Code   RO         3993    i.gizGetTimerCount  gizwits_product.o
    0x08001bac   0x08001bac   0x00000048   Code   RO         4071    i.gizProtocolAckHandle  gizwits_protocol.o
    0x08001bf4   0x08001bf4   0x0000003e   Code   RO         4072    i.gizProtocolCommonAck  gizwits_protocol.o
    0x08001c32   0x08001c32   0x00000046   Code   RO         4073    i.gizProtocolErrorCmd  gizwits_protocol.o
    0x08001c78   0x08001c78   0x00000114   Code   RO         4074    i.gizProtocolGetDeviceInfo  gizwits_protocol.o
    0x08001d8c   0x08001d8c   0x00000134   Code   RO         4075    i.gizProtocolGetOnePacket  gizwits_protocol.o
    0x08001ec0   0x08001ec0   0x0000001a   Code   RO         4076    i.gizProtocolHeadInit  gizwits_protocol.o
    0x08001eda   0x08001eda   0x000000b0   Code   RO         4077    i.gizProtocolIssuedDataAck  gizwits_protocol.o
    0x08001f8a   0x08001f8a   0x00000002   PAD
    0x08001f8c   0x08001f8c   0x000000cc   Code   RO         4078    i.gizProtocolIssuedProcess  gizwits_protocol.o
    0x08002058   0x08002058   0x0000003c   Code   RO         4079    i.gizProtocolModuleInfoHandle  gizwits_protocol.o
    0x08002094   0x08002094   0x000001e0   Code   RO         4080    i.gizProtocolModuleStatus  gizwits_protocol.o
    0x08002274   0x08002274   0x00000058   Code   RO         4081    i.gizProtocolNTP    gizwits_protocol.o
    0x080022cc   0x080022cc   0x0000001e   Code   RO         4082    i.gizProtocolReboot  gizwits_protocol.o
    0x080022ea   0x080022ea   0x00000002   PAD
    0x080022ec   0x080022ec   0x00000028   Code   RO         4083    i.gizProtocolResendData  gizwits_protocol.o
    0x08002314   0x08002314   0x00000024   Code   RO         4239    i.gizProtocolSum    common.o
    0x08002338   0x08002338   0x00000040   Code   RO         4084    i.gizProtocolWaitAck  gizwits_protocol.o
    0x08002378   0x08002378   0x0000002c   Code   RO         4085    i.gizProtocolWaitAckCheck  gizwits_protocol.o
    0x080023a4   0x080023a4   0x00000028   Code   RO         4086    i.gizPutData        gizwits_protocol.o
    0x080023cc   0x080023cc   0x00000084   Code   RO         4087    i.gizReportData     gizwits_protocol.o
    0x08002450   0x08002450   0x00000010   Code   RO         3994    i.gizTimerMs        gizwits_product.o
    0x08002460   0x08002460   0x00000006   Code   RO         4314    i.gizX2Y            datapointtools.o
    0x08002466   0x08002466   0x00000008   Code   RO         4316    i.gizY2X            datapointtools.o
    0x0800246e   0x0800246e   0x00000002   PAD
    0x08002470   0x08002470   0x00000064   Code   RO         3995    i.gizwitsEventProcess  gizwits_product.o
    0x080024d4   0x080024d4   0x000001a4   Code   RO         4090    i.gizwitsHandle     gizwits_protocol.o
    0x08002678   0x08002678   0x00000028   Code   RO         4091    i.gizwitsInit       gizwits_protocol.o
    0x080026a0   0x080026a0   0x000001b4   Code   RO         4093    i.gizwitsSetMode    gizwits_protocol.o
    0x08002854   0x08002854   0x00000054   Code   RO         3360    i.key_deal          app.o
    0x080028a8   0x080028a8   0x0000000a   Code   RO         3885    i.main              main.o
    0x080028b2   0x080028b2   0x00000002   PAD
    0x080028b4   0x080028b4   0x00000024   Code   RO         3996    i.mcuRestart        gizwits_product.o
    0x080028d8   0x080028d8   0x00000010   Code   RO         3573    i.oled_pow          oled.o
    0x080028e8   0x080028e8   0x000000e8   Code   RO         3361    i.oled_show         app.o
    0x080029d0   0x080029d0   0x00000034   Code   RO         4377    i.rbCanRead         ringbuffer.o
    0x08002a04   0x08002a04   0x00000020   Code   RO         4378    i.rbCanWrite        ringbuffer.o
    0x08002a24   0x08002a24   0x0000000e   Code   RO         4379    i.rbCapacity        ringbuffer.o
    0x08002a32   0x08002a32   0x00000014   Code   RO         4380    i.rbCreate          ringbuffer.o
    0x08002a46   0x08002a46   0x00000092   Code   RO         4382    i.rbRead            ringbuffer.o
    0x08002ad8   0x08002ad8   0x00000096   Code   RO         4383    i.rbWrite           ringbuffer.o
    0x08002b6e   0x08002b6e   0x00000002   PAD
    0x08002b70   0x08002b70   0x0000004c   Code   RO         3362    i.relay_control     app.o
    0x08002bbc   0x08002bbc   0x0000005c   Code   RO         3997    i.uartWrite         gizwits_product.o
    0x08002c18   0x08002c18   0x000000b0   Code   RO         3226    i.usart1_init       usart.o
    0x08002cc8   0x08002cc8   0x000000a8   Code   RO         3337    i.usart3_init       usart3.o
    0x08002d70   0x08002d70   0x00000030   Code   RO         3998    i.userHandle        gizwits_product.o
    0x08002da0   0x08002da0   0x0000001c   Code   RO         3999    i.userInit          gizwits_product.o
    0x08002dbc   0x08002dbc   0x00000898   Data   RO         3574    .constdata          oled.o
    0x08003654   0x08003654   0x00000020   Data   RO         4796    Region$$Table       anon$$obj.o


    Execution Region RW_IRAM1 (Exec base: 0x20000000, Load base: 0x08003674, Size: 0x000006c0, Max: 0x00005000, ABSOLUTE)

    Exec Addr    Load Addr    Size         Type   Attr      Idx    E Section Name        Object

    0x20000000   0x08003674   0x00000014   Data   RW         1795    .data               stm32f10x_rcc.o
    0x20000014   0x08003688   0x00000007   Data   RW         3227    .data               usart.o
    0x2000001b   0x0800368f   0x00000001   Data   RW         3274    .data               timer.o
    0x2000001c   0x08003690   0x00000010   Data   RW         3363    .data               app.o
    0x2000002c   0x080036a0   0x00000028   Data   RW         3753    .data               hx711.o
    0x20000054   0x080036c8   0x00000004   Data   RW         4001    .data               gizwits_product.o
    0x20000058   0x080036cc   0x00000010   Data   RW         4095    .data               gizwits_protocol.o
    0x20000068   0x080036dc   0x00000004   Data   RW         4773    .data               mc_w.l(mvars.o)
    0x2000006c        -       0x00000018   Zero   RW         4000    .bss                gizwits_product.o
    0x20000084        -       0x00000238   Zero   RW         4094    .bss                gizwits_protocol.o
    0x200002bc   0x080036e0   0x00000004   PAD
    0x200002c0        -       0x00000400   Zero   RW            1    STACK               startup_stm32f10x_md.o


==============================================================================

Image component sizes


      Code (inc. data)   RO Data    RW Data    ZI Data      Debug   Object Name

       580         90          0         16          0     213447   app.o
        90          0          0          0          0       3276   common.o
        14          0          0          0          0       1110   datapointtools.o
        56          0          0          0          0        914   delay.o
       444         24          0          0          0       4565   dht11.o
       332         86          0          4         24      26755   gizwits_product.o
      3900        268          0         16        568      19915   gizwits_protocol.o
       244         22          0         40          0       2513   hx711.o
       152         12          0          0          0       1012   key.o
        10          0          0          0          0        407   main.o
       120         14          0          0          0     204751   misc.o
       240         12          0          0          0       1194   motor.o
      1032         32       2200          0          0       8846   oled.o
       196         44          0          0          0       3193   relay.o
       414          0          0          0          0       4552   ringbuffer.o
        36          8        236          0       1024        796   startup_stm32f10x_md.o
         0          0          0          0          0       1648   stm32f10x_adc.o
       280          6          0          0          0      12614   stm32f10x_gpio.o
        18          0          0          0          0       3622   stm32f10x_it.o
       228         30          0         20          0      13086   stm32f10x_rcc.o
       400         64          0          0          0      26023   stm32f10x_tim.o
       376          6          0          0          0      12703   stm32f10x_usart.o
       260         26          0          0          0      49617   system_stm32f10x.o
       136         10          0          1          0       2542   timer.o
       252         16          0          7          0       1629   usart.o
        36          6          0          0          0        480   usart2.o
       208         14          0          0          0       1134   usart3.o

    ----------------------------------------------------------------------
     10096        790       2468        104       1620     622344   Object Totals
         0          0         32          0          0          0   (incl. Generated)
        42          0          0          0          4          0   (incl. Padding)

    ----------------------------------------------------------------------

      Code (inc. data)   RO Data    RW Data    ZI Data      Debug   Library Member Name

         0          0          0          0          0          0   entry.o
         0          0          0          0          0          0   entry10a.o
         0          0          0          0          0          0   entry11a.o
         4          0          0          0          0          0   entry12b.o
         8          4          0          0          0          0   entry2.o
         4          0          0          0          0          0   entry5.o
         0          0          0          0          0          0   entry7b.o
         0          0          0          0          0          0   entry8b.o
         8          4          0          0          0          0   entry9a.o
        30          0          0          0          0          0   handlers.o
        36          8          0          0          0         68   init.o
         0          0          0          0          0          0   iusefp.o
        30          0          0          0          0         68   llshl.o
        32          0          0          0          0         68   llushr.o
        80          4          0          0          0         76   malloc.o
        36          0          0          0          0         68   memcpya.o
        36          0          0          0          0        108   memseta.o
         0          0          0          4          0          0   mvars.o
       390         10          0          0          0        252   printf1.o
        44          0          0          0          0         80   uidiv.o
       222          0          0          0          0        100   ddiv.o
       186          0          0          0          0        176   depilogue.o
        62          0          0          0          0         80   dfixi.o
        38          0          0          0          0         68   f2d.o
       110          0          0          0          0        168   fepilogue.o
        18          0          0          0          0         68   fflti.o

    ----------------------------------------------------------------------
      1376         30          0          4          0       1448   Library Totals
         2          0          0          0          0          0   (incl. Padding)

    ----------------------------------------------------------------------

      Code (inc. data)   RO Data    RW Data    ZI Data      Debug   Library Name

       738         30          0          4          0        788   mc_w.l
       636          0          0          0          0        660   mf_w.l

    ----------------------------------------------------------------------
      1376         30          0          4          0       1448   Library Totals

    ----------------------------------------------------------------------

==============================================================================


      Code (inc. data)   RO Data    RW Data    ZI Data      Debug   

     11472        820       2468        108       1620     616456   Grand Totals
     11472        820       2468        108       1620     616456   ELF Image Totals
     11472        820       2468        108          0          0   ROM Totals

==============================================================================

    Total RO  Size (Code + RO Data)                13940 (  13.61kB)
    Total RW  Size (RW Data + ZI Data)              1728 (   1.69kB)
    Total ROM Size (Code + RO Data + RW Data)      14048 (  13.72kB)

==============================================================================

